/home/pranav/PersonalProjects/kamikaze-drone/firmware/ov7670_camera/cmake/stm32cubemx/../../Drivers/CMSIS/Include/core_cm7.h:2464:22:SCB_InvalidateDCache_by_Addr	32	static
/home/pranav/PersonalProjects/kamikaze-drone/firmware/ov7670_camera/Src/main.c:91:5:main	24	static
/home/pranav/PersonalProjects/kamikaze-drone/firmware/ov7670_camera/Src/main.c:175:6:SystemClock_Config	88	static
/home/pranav/PersonalProjects/kamikaze-drone/firmware/ov7670_camera/Src/main.c:226:13:MX_DCMI_Init	8	static
/home/pranav/PersonalProjects/kamikaze-drone/firmware/ov7670_camera/Src/main.c:260:13:MX_I2C2_Init	8	static
/home/pranav/PersonalProjects/kamikaze-drone/firmware/ov7670_camera/Src/main.c:301:13:MX_DMA_Init	16	static
/home/pranav/PersonalProjects/kamikaze-drone/firmware/ov7670_camera/Src/main.c:317:13:MX_GPIO_Init	56	static
/home/pranav/PersonalProjects/kamikaze-drone/firmware/ov7670_camera/Src/main.c:355:6:HAL_DCMI_FrameEventCallback	16	static
/home/pranav/PersonalProjects/kamikaze-drone/firmware/ov7670_camera/Src/main.c:360:6:capture_and_send	16	static
/home/pranav/PersonalProjects/kamikaze-drone/firmware/ov7670_camera/Src/main.c:382:6:send_frame_usb	24	static
/home/pranav/PersonalProjects/kamikaze-drone/firmware/ov7670_camera/Src/main.c:398:6:OV7670_HardwareReset	8	static
/home/pranav/PersonalProjects/kamikaze-drone/firmware/ov7670_camera/Src/main.c:407:9:OV7670_ReadReg	32	static
/home/pranav/PersonalProjects/kamikaze-drone/firmware/ov7670_camera/Src/main.c:416:6:OV7670_WriteReg	32	static
/home/pranav/PersonalProjects/kamikaze-drone/firmware/ov7670_camera/Src/main.c:422:13:OV7670_Init_QVGA_RGB565	8	static
/home/pranav/PersonalProjects/kamikaze-drone/firmware/ov7670_camera/Src/main.c:458:13:OV7670_BarsTest	16	static
/home/pranav/PersonalProjects/kamikaze-drone/firmware/ov7670_camera/Src/main.c:504:6:MPU_Config	24	static
/home/pranav/PersonalProjects/kamikaze-drone/firmware/ov7670_camera/Src/main.c:533:6:Error_Handler	4	static
