/home/pranav/PersonalProjects/kamikaze-drone/firmware/ov7670_camera/cmake/stm32cubemx/../../Drivers/CMSIS/Include/core_cm7.h:2464:22:SCB_InvalidateDCache_by_Addr	32	static
/home/pranav/PersonalProjects/kamikaze-drone/firmware/ov7670_camera/Src/main.c:89:5:main	16	static
/home/pranav/PersonalProjects/kamikaze-drone/firmware/ov7670_camera/Src/main.c:171:6:SystemClock_Config	88	static
/home/pranav/PersonalProjects/kamikaze-drone/firmware/ov7670_camera/Src/main.c:216:13:MX_DCMI_Init	8	static
/home/pranav/PersonalProjects/kamikaze-drone/firmware/ov7670_camera/Src/main.c:250:13:MX_I2C2_Init	8	static
/home/pranav/PersonalProjects/kamikaze-drone/firmware/ov7670_camera/Src/main.c:291:13:MX_DMA_Init	16	static
/home/pranav/PersonalProjects/kamikaze-drone/firmware/ov7670_camera/Src/main.c:307:13:MX_GPIO_Init	56	static
/home/pranav/PersonalProjects/kamikaze-drone/firmware/ov7670_camera/Src/main.c:345:6:HAL_DCMI_FrameEventCallback	16	static
/home/pranav/PersonalProjects/kamikaze-drone/firmware/ov7670_camera/Src/main.c:350:6:capture_and_send	16	static
/home/pranav/PersonalProjects/kamikaze-drone/firmware/ov7670_camera/Src/main.c:372:6:send_frame_usb	24	static
/home/pranav/PersonalProjects/kamikaze-drone/firmware/ov7670_camera/Src/main.c:388:6:OV7670_HardwareReset	8	static
/home/pranav/PersonalProjects/kamikaze-drone/firmware/ov7670_camera/Src/main.c:397:9:OV7670_ReadReg	32	static
/home/pranav/PersonalProjects/kamikaze-drone/firmware/ov7670_camera/Src/main.c:406:6:OV7670_WriteReg	32	static
/home/pranav/PersonalProjects/kamikaze-drone/firmware/ov7670_camera/Src/main.c:412:13:OV7670_Init_QVGA_RGB565	8	static
/home/pranav/PersonalProjects/kamikaze-drone/firmware/ov7670_camera/Src/main.c:449:13:OV7670_BarsTest	16	static
/home/pranav/PersonalProjects/kamikaze-drone/firmware/ov7670_camera/Src/main.c:495:6:MPU_Config	24	static
/home/pranav/PersonalProjects/kamikaze-drone/firmware/ov7670_camera/Src/main.c:524:6:Error_Handler	4	static
