Archive member included to satisfy reference by file (symbol)

/opt/st/stm32cubeide_2.0.0/plugins/com.st.stm32cube.ide.mcu.externaltools.gnu-tools-for-stm32.13.3.rel1.linux64_1.0.100.202509120712/tools/bin/../lib/gcc/arm-none-eabi/13.3.1/../../../../arm-none-eabi/lib/thumb/v7e-m+dp/hard/libc_nano.a(libc_a-exit.o)
                              /opt/st/stm32cubeide_2.0.0/plugins/com.st.stm32cube.ide.mcu.externaltools.gnu-tools-for-stm32.13.3.rel1.linux64_1.0.100.202509120712/tools/bin/../lib/gcc/arm-none-eabi/13.3.1/../../../../arm-none-eabi/lib/thumb/v7e-m+dp/hard/crt0.o (exit)
/opt/st/stm32cubeide_2.0.0/plugins/com.st.stm32cube.ide.mcu.externaltools.gnu-tools-for-stm32.13.3.rel1.linux64_1.0.100.202509120712/tools/bin/../lib/gcc/arm-none-eabi/13.3.1/../../../../arm-none-eabi/lib/thumb/v7e-m+dp/hard/libc_nano.a(libc_a-malloc.o)
                              ./Middlewares/ST/STM32_USB_Device_Library/Class/CDC/Src/usbd_cdc.o (malloc)
/opt/st/stm32cubeide_2.0.0/plugins/com.st.stm32cube.ide.mcu.externaltools.gnu-tools-for-stm32.13.3.rel1.linux64_1.0.100.202509120712/tools/bin/../lib/gcc/arm-none-eabi/13.3.1/../../../../arm-none-eabi/lib/thumb/v7e-m+dp/hard/libc_nano.a(libc_a-mallocr.o)
                              /opt/st/stm32cubeide_2.0.0/plugins/com.st.stm32cube.ide.mcu.externaltools.gnu-tools-for-stm32.13.3.rel1.linux64_1.0.100.202509120712/tools/bin/../lib/gcc/arm-none-eabi/13.3.1/../../../../arm-none-eabi/lib/thumb/v7e-m+dp/hard/libc_nano.a(libc_a-malloc.o) (_malloc_r)
/opt/st/stm32cubeide_2.0.0/plugins/com.st.stm32cube.ide.mcu.externaltools.gnu-tools-for-stm32.13.3.rel1.linux64_1.0.100.202509120712/tools/bin/../lib/gcc/arm-none-eabi/13.3.1/../../../../arm-none-eabi/lib/thumb/v7e-m+dp/hard/libc_nano.a(libc_a-mlock.o)
                              /opt/st/stm32cubeide_2.0.0/plugins/com.st.stm32cube.ide.mcu.externaltools.gnu-tools-for-stm32.13.3.rel1.linux64_1.0.100.202509120712/tools/bin/../lib/gcc/arm-none-eabi/13.3.1/../../../../arm-none-eabi/lib/thumb/v7e-m+dp/hard/libc_nano.a(libc_a-mallocr.o) (__malloc_lock)
/opt/st/stm32cubeide_2.0.0/plugins/com.st.stm32cube.ide.mcu.externaltools.gnu-tools-for-stm32.13.3.rel1.linux64_1.0.100.202509120712/tools/bin/../lib/gcc/arm-none-eabi/13.3.1/../../../../arm-none-eabi/lib/thumb/v7e-m+dp/hard/libc_nano.a(libc_a-findfp.o)
                              /opt/st/stm32cubeide_2.0.0/plugins/com.st.stm32cube.ide.mcu.externaltools.gnu-tools-for-stm32.13.3.rel1.linux64_1.0.100.202509120712/tools/bin/../lib/gcc/arm-none-eabi/13.3.1/../../../../arm-none-eabi/lib/thumb/v7e-m+dp/hard/libc_nano.a(libc_a-exit.o) (__stdio_exit_handler)
/opt/st/stm32cubeide_2.0.0/plugins/com.st.stm32cube.ide.mcu.externaltools.gnu-tools-for-stm32.13.3.rel1.linux64_1.0.100.202509120712/tools/bin/../lib/gcc/arm-none-eabi/13.3.1/../../../../arm-none-eabi/lib/thumb/v7e-m+dp/hard/libc_nano.a(libc_a-fwalk.o)
                              /opt/st/stm32cubeide_2.0.0/plugins/com.st.stm32cube.ide.mcu.externaltools.gnu-tools-for-stm32.13.3.rel1.linux64_1.0.100.202509120712/tools/bin/../lib/gcc/arm-none-eabi/13.3.1/../../../../arm-none-eabi/lib/thumb/v7e-m+dp/hard/libc_nano.a(libc_a-findfp.o) (_fwalk_sglue)
/opt/st/stm32cubeide_2.0.0/plugins/com.st.stm32cube.ide.mcu.externaltools.gnu-tools-for-stm32.13.3.rel1.linux64_1.0.100.202509120712/tools/bin/../lib/gcc/arm-none-eabi/13.3.1/../../../../arm-none-eabi/lib/thumb/v7e-m+dp/hard/libc_nano.a(libc_a-stdio.o)
                              /opt/st/stm32cubeide_2.0.0/plugins/com.st.stm32cube.ide.mcu.externaltools.gnu-tools-for-stm32.13.3.rel1.linux64_1.0.100.202509120712/tools/bin/../lib/gcc/arm-none-eabi/13.3.1/../../../../arm-none-eabi/lib/thumb/v7e-m+dp/hard/libc_nano.a(libc_a-findfp.o) (__sread)
/opt/st/stm32cubeide_2.0.0/plugins/com.st.stm32cube.ide.mcu.externaltools.gnu-tools-for-stm32.13.3.rel1.linux64_1.0.100.202509120712/tools/bin/../lib/gcc/arm-none-eabi/13.3.1/../../../../arm-none-eabi/lib/thumb/v7e-m+dp/hard/libc_nano.a(libc_a-memset.o)
                              /opt/st/stm32cubeide_2.0.0/plugins/com.st.stm32cube.ide.mcu.externaltools.gnu-tools-for-stm32.13.3.rel1.linux64_1.0.100.202509120712/tools/bin/../lib/gcc/arm-none-eabi/13.3.1/../../../../arm-none-eabi/lib/thumb/v7e-m+dp/hard/crt0.o (memset)
/opt/st/stm32cubeide_2.0.0/plugins/com.st.stm32cube.ide.mcu.externaltools.gnu-tools-for-stm32.13.3.rel1.linux64_1.0.100.202509120712/tools/bin/../lib/gcc/arm-none-eabi/13.3.1/../../../../arm-none-eabi/lib/thumb/v7e-m+dp/hard/libc_nano.a(libc_a-closer.o)
                              /opt/st/stm32cubeide_2.0.0/plugins/com.st.stm32cube.ide.mcu.externaltools.gnu-tools-for-stm32.13.3.rel1.linux64_1.0.100.202509120712/tools/bin/../lib/gcc/arm-none-eabi/13.3.1/../../../../arm-none-eabi/lib/thumb/v7e-m+dp/hard/libc_nano.a(libc_a-stdio.o) (_close_r)
[...]
Memory Configuration

Name             Origin             Length             Attributes
RAM              0x20000000         0x00080000         xrw
FLASH            0x08000000         0x00200000         xr
*default*        0x00000000         0xffffffff

Linker script and memory map

LOAD /opt/st/stm32cubeide_2.0.0/plugins/com.st.stm32cube.ide.mcu.externaltools.gnu-tools-for-stm32.13.3.rel1.linux64_1.0.100.202509120712/tools/bin/../lib/gcc/arm-none-eabi/13.3.1/thumb/v7e-m+dp/hard/crti.o
LOAD /opt/st/stm32cubeide_2.0.0/plugins/com.st.stm32cube.ide.mcu.externaltools.gnu-tools-for-stm32.13.3.rel1.linux64_1.0.100.202509120712/tools/bin/../lib/gcc/arm-none-eabi/13.3.1/thumb/v7e-m+dp/hard/crtbegin.o
LOAD /opt/st/stm32cubeide_2.0.0/plugins/com.st.stm32cube.ide.mcu.externaltools.gnu-tools-for-stm32.13.3.rel1.linux64_1.0.100.202509120712/tools/bin/../lib/gcc/arm-none-eabi/13.3.1/../../../../arm-none-eabi/lib/thumb/v7e-m+dp/hard/crt0.o
LOAD ./Core/Src/main.o
LOAD ./Core/Src/stm32f7xx_hal_msp.o
LOAD ./Core/Src/stm32f7xx_it.o
LOAD ./Core/Src/syscalls.o
LOAD ./Core/Src/sysmem.o
LOAD ./Core/Src/system_stm32f7xx.o
LOAD ./Core/Startup/startup_stm32f765vitx.o
LOAD ./Drivers/STM32F7xx_HAL_Driver/Src/stm32f7xx_hal.o
LOAD ./Drivers/STM32F7xx_HAL_Driver/Src/stm32f7xx_hal_cortex.o
LOAD ./Drivers/STM32F7xx_HAL_Driver/Src/stm32f7xx_hal_dcmi.o
LOAD ./Drivers/STM32F7xx_HAL_Driver/Src/stm32f7xx_hal_dcmi_ex.o
LOAD ./Drivers/STM32F7xx_HAL_Driver/Src/stm32f7xx_hal_dma.o
LOAD ./Drivers/STM32F7xx_HAL_Driver/Src/stm32f7xx_hal_dma_ex.o
LOAD ./Drivers/STM32F7xx_HAL_Driver/Src/stm32f7xx_hal_exti.o
LOAD ./Drivers/STM32F7xx_HAL_Driver/Src/stm32f7xx_hal_flash.o
LOAD ./Drivers/STM32F7xx_HAL_Driver/Src/stm32f7xx_hal_flash_ex.o
LOAD ./Drivers/STM32F7xx_HAL_Driver/Src/stm32f7xx_hal_gpio.o
LOAD ./Drivers/STM32F7xx_HAL_Driver/Src/stm32f7xx_hal_i2c.o
LOAD ./Drivers/STM32F7xx_HAL_Driver/Src/stm32f7xx_hal_i2c_ex.o
LOAD ./Drivers/STM32F7xx_HAL_Driver/Src/stm32f7xx_hal_pcd.o
LOAD ./Drivers/STM32F7xx_HAL_Driver/Src/stm32f7xx_hal_pcd_ex.o
LOAD ./Drivers/STM32F7xx_HAL_Driver/Src/stm32f7xx_hal_pwr.o
LOAD ./Drivers/STM32F7xx_HAL_Driver/Src/stm32f7xx_hal_pwr_ex.o
LOAD ./Drivers/STM32F7xx_HAL_Driver/Src/stm32f7xx_hal_rcc.o
LOAD ./Drivers/STM32F7xx_HAL_Driver/Src/stm32f7xx_hal_rcc_ex.o
LOAD ./Drivers/STM32F7xx_HAL_Driver/Src/stm32f7xx_hal_tim.o
LOAD ./Drivers/STM32F7xx_HAL_Driver/Src/stm32f7xx_hal_tim_ex.o
LOAD ./Drivers/STM32F7xx_HAL_Driver/Src/stm32f7xx_ll_usb.o
LOAD ./Middlewares/ST/STM32_USB_Device_Library/Class/CDC/Src/usbd_cdc.o
LOAD ./Middlewares/ST/STM32_USB_Device_Library/Core/Src/usbd_core.o
LOAD ./Middlewares/ST/STM32_USB_Device_Library/Core/Src/usbd_ctlreq.o
LOAD ./Middlewares/ST/STM32_USB_Device_Library/Core/Src/usbd_ioreq.o
LOAD ./USB_DEVICE/App/usb_device.o
LOAD ./USB_DEVICE/App/usbd_cdc_if.o
LOAD ./USB_DEVICE/App/usbd_desc.o
LOAD ./USB_DEVICE/Target/usbd_conf.o
START GROUP
LOAD /opt/st/stm32cubeide_2.0.0/plugins/com.st.stm32cube.ide.mcu.externaltools.gnu-tools-for-stm32.13.3.rel1.linux64_1.0.100.202509120712/tools/bin/../lib/gcc/arm-none-eabi/13.3.1/../../../../arm-none-eabi/lib/thumb/v7e-m+dp/hard/libc_nano.a
LOAD /opt/st/stm32cubeide_2.0.0/plugins/com.st.stm32cube.ide.mcu.externaltools.gnu-tools-for-stm32.13.3.rel1.linux64_1.0.100.202509120712/tools/bin/../lib/gcc/arm-none-eabi/13.3.1/../../../../arm-none-eabi/lib/thumb/v7e-m+dp/hard/libm.a
END GROUP
START GROUP
LOAD /opt/st/stm32cubeide_2.0.0/plugins/com.st.stm32cube.ide.mcu.externaltools.gnu-tools-for-stm32.13.3.rel1.linux64_1.0.100.202509120712/tools/bin/../lib/gcc/arm-none-eabi/13.3.1/thumb/v7e-m+dp/hard/libgcc.a
LOAD /opt/st/stm32cubeide_2.0.0/plugins/com.st.stm32cube.ide.mcu.externaltools.gnu-tools-for-stm32.13.3.rel1.linux64_1.0.100.202509120712/tools/bin/../lib/gcc/arm-none-eabi/13.3.1/../../../../arm-none-eabi/lib/thumb/v7e-m+dp/hard/libc_nano.a
END GROUP
START GROUP
LOAD /opt/st/stm32cubeide_2.0.0/plugins/com.st.stm32cube.ide.mcu.externaltools.gnu-tools-for-stm32.13.3.rel1.linux64_1.0.100.202509120712/tools/bin/../lib/gcc/arm-none-eabi/13.3.1/thumb/v7e-m+dp/hard/libgcc.a
LOAD /opt/st/stm32cubeide_2.0.0/plugins/com.st.stm32cube.ide.mcu.externaltools.gnu-tools-for-stm32.13.3.rel1.linux64_1.0.100.202509120712/tools/bin/../lib/gcc/arm-none-eabi/13.3.1/../../../../arm-none-eabi/lib/thumb/v7e-m+dp/hard/libc_nano.a
LOAD /opt/st/stm32cubeide_2.0.0/plugins/com.st.stm32cube.ide.mcu.externaltools.gnu-tools-for-stm32.13.3.rel1.linux64_1.0.100.202509120712/tools/bin/../lib/gcc/arm-none-eabi/13.3.1/../../../../arm-none-eabi/lib/thumb/v7e-m+dp/hard/libnosys.a
END GROUP
START GROUP
LOAD /opt/st/stm32cubeide_2.0.0/plugins/com.st.stm32cube.ide.mcu.externaltools.gnu-tools-for-stm32.13.3.rel1.linux64_1.0.100.202509120712/tools/bin/../lib/gcc/arm-none-eabi/13.3.1/thumb/v7e-m+dp/hard/libgcc.a
LOAD /opt/st/stm32cubeide_2.0.0/plugins/com.st.stm32cube.ide.mcu.externaltools.gnu-tools-for-stm32.13.3.rel1.linux64_1.0.100.202509120712/tools/bin/../lib/gcc/arm-none-eabi/13.3.1/../../../../arm-none-eabi/lib/thumb/v7e-m+dp/hard/libc_nano.a
LOAD /opt/st/stm32cubeide_2.0.0/plugins/com.st.stm32cube.ide.mcu.externaltools.gnu-tools-for-stm32.13.3.rel1.linux64_1.0.100.202509120712/tools/bin/../lib/gcc/arm-none-eabi/13.3.1/../../../../arm-none-eabi/lib/thumb/v7e-m+dp/hard/libnosys.a
END GROUP
LOAD /opt/st/stm32cubeide_2.0.0/plugins/com.st.stm32cube.ide.mcu.externaltools.gnu-tools-for-stm32.13.3.rel1.linux64_1.0.100.202509120712/tools/bin/../lib/gcc/arm-none-eabi/13.3.1/thumb/v7e-m+dp/hard/crtend.o
LOAD /opt/st/stm32cubeide_2.0.0/plugins/com.st.stm32cube.ide.mcu.externaltools.gnu-tools-for-stm32.13.3.rel1.linux64_1.0.100.202509120712/tools/bin/../lib/gcc/arm-none-eabi/13.3.1/thumb/v7e-m+dp/hard/crtn.o
                0x20080000                        _estack = (ORIGIN (RAM) + LENGTH (RAM))
                0x00000200                        _Min_Heap_Size = 0x200
                0x00000400                        _Min_Stack_Size = 0x400

.isr_vector     0x08000000      0x1f8
                0x08000000                        . = ALIGN (0x4)
 *(.isr_vector)
 .isr_vector    0x08000000      0x1f8 ./Core/Startup/startup_stm32f765vitx.o
                0x08000000                g_pfnVectors
                0x080001f8                        . = ALIGN (0x4)

.text           0x080001f8     0x9064
                0x080001f8                        . = ALIGN (0x4)
 *(.text)
 .text          0x080001f8       0x40 /opt/st/stm32cubeide_2.0.0/plugins/com.st.stm32cube.ide.mcu.externaltools.gnu-tools-for-stm32.13.3.rel1.linux64_1.0.100.202509120712/tools/bin/../lib/gcc/arm-none-eabi/13.3.1/thumb/v7e-m+dp/hard/crtbegin.o
 .text          0x08000238       0x30 /opt/st/stm32cubeide_2.0.0/plugins/com.st.stm32cube.ide.mcu.externaltools.gnu-tools-for-stm32.13.3.rel1.linux64_1.0.100.202509120712/tools/bin/../lib/gcc/arm-none-eabi/13.3.1/thumb/v7e-m+dp/hard/libgcc.a(_aeabi_uldivmod.o)
                0x08000238                __aeabi_uldivmod
 .text          0x08000268      0x2f8 /opt/st/stm32cubeide_2.0.0/plugins/com.st.stm32cube.ide.mcu.externaltools.gnu-tools-for-stm32.13.3.rel1.linux64_1.0.100.202509120712/tools/bin/../lib/gcc/arm-none-eabi/13.3.1/thumb/v7e-m+dp/hard/libgcc.a(_udivmoddi4.o)
                0x08000268                __udivmoddi4
 .text          0x08000560        0x4 /opt/st/stm32cubeide_2.0.0/plugins/com.st.stm32cube.ide.mcu.externaltools.gnu-tools-for-stm32.13.3.rel1.linux64_1.0.100.202509120712/tools/bin/../lib/gcc/arm-none-eabi/13.3.1/thumb/v7e-m+dp/hard/libgcc.a(_dvmd_tls.o)
                0x08000560                __aeabi_ldiv0
                0x08000560                __aeabi_idiv0
 *(.text*)
 .text.main     0x08000564       0x40 ./Core/Src/main.o
                0x08000564                main
 .text.SystemClock_Config
                0x080005a4       0xe0 ./Core/Src/main.o
                0x080005a4                SystemClock_Config
 .text.MX_DCMI_Init
                0x08000684       0x68 ./Core/Src/main.o
 .text.MX_I2C2_Init
                0x080006ec       0x80 ./Core/Src/main.o
 .text.MX_TIM3_Init
                0x0800076c       0x9c ./Core/Src/main.o
 .text.MX_DMA_Init
                0x08000808       0x3c ./Core/Src/main.o
 .text.MX_GPIO_Init
                0x08000844      0x188 ./Core/Src/main.o
 .text.MPU_Config
                0x080009cc       0x58 ./Core/Src/main.o
 .text.Error_Handler
                0x08000a24        0xc ./Core/Src/main.o
                0x08000a24                Error_Handler
 .text.HAL_MspInit
                0x08000a30       0x48 ./Core/Src/stm32f7xx_hal_msp.o
                0x08000a30                HAL_MspInit
 .text.HAL_DCMI_MspInit
                0x08000a78      0x1f4 ./Core/Src/stm32f7xx_hal_msp.o
                0x08000a78                HAL_DCMI_MspInit
 .text.HAL_I2C_MspInit
                0x08000c6c       0xc0 ./Core/Src/stm32f7xx_hal_msp.o
                0x08000c6c                HAL_I2C_MspInit
 .text.HAL_TIM_Base_MspInit
                0x08000d2c       0x40 ./Core/Src/stm32f7xx_hal_msp.o
                0x08000d2c                HAL_TIM_Base_MspInit
 .text.NMI_Handler
                0x08000d6c        0x8 ./Core/Src/stm32f7xx_it.o
                0x08000d6c                NMI_Handler
 .text.HardFault_Handler
                0x08000d74        0x8 ./Core/Src/stm32f7xx_it.o
                0x08000d74                HardFault_Handler
 .text.MemManage_Handler
                0x08000d7c        0x8 ./Core/Src/stm32f7xx_it.o
                0x08000d7c                MemManage_Handler
 .text.BusFault_Handler
                0x08000d84        0x8 ./Core/Src/stm32f7xx_it.o
                0x08000d84                BusFault_Handler
 .text.UsageFault_Handler
                0x08000d8c        0x8 ./Core/Src/stm32f7xx_it.o
                0x08000d8c                UsageFault_Handler
 .text.SVC_Handler
                0x08000d94        0xe ./Core/Src/stm32f7xx_it.o
                0x08000d94                SVC_Handler
 .text.DebugMon_Handler
                0x08000da2        0xe ./Core/Src/stm32f7xx_it.o
                0x08000da2                DebugMon_Handler
 .text.PendSV_Handler
                0x08000db0        0xe ./Core/Src/stm32f7xx_it.o
                0x08000db0                PendSV_Handler
 .text.SysTick_Handler
                0x08000dbe        0xc ./Core/Src/stm32f7xx_it.o
                0x08000dbe                SysTick_Handler
 *fill*         0x08000dca        0x2 
 .text.DMA2_Stream1_IRQHandler
                0x08000dcc       0x14 ./Core/Src/stm32f7xx_it.o
                0x08000dcc                DMA2_Stream1_IRQHandler
 .text.OTG_FS_IRQHandler
                0x08000de0       0x14 ./Core/Src/stm32f7xx_it.o
                0x08000de0                OTG_FS_IRQHandler
 .text.DCMI_IRQHandler
                0x08000df4       0x14 ./Core/Src/stm32f7xx_it.o
                0x08000df4                DCMI_IRQHandler
 .text._sbrk    0x08000e08       0x6c ./Core/Src/sysmem.o
                0x08000e08                _sbrk
 .text.SystemInit
                0x08000e74       0x24 ./Core/Src/system_stm32f7xx.o
                0x08000e74                SystemInit
 .text.Reset_Handler
                0x08000e98       0x50 ./Core/Startup/startup_stm32f765vitx.o
                0x08000e98                Reset_Handler
 .text.Default_Handler
                0x08000ee8        0x2 ./Core/Startup/startup_stm32f765vitx.o
                0x08000ee8                RTC_Alarm_IRQHandler
                0x08000ee8                EXTI2_IRQHandler
                0x08000ee8                TIM8_CC_IRQHandler
                0x08000ee8                UART8_IRQHandler
                0x08000ee8                SPI4_IRQHandler
                0x08000ee8                TIM1_CC_IRQHandler
                0x08000ee8                DMA2_Stream5_IRQHandler
                0x08000ee8                DMA1_Stream5_IRQHandler
                0x08000ee8                CAN3_RX1_IRQHandler
                0x08000ee8                PVD_IRQHandler
                0x08000ee8                TAMP_STAMP_IRQHandler
                0x08000ee8                CAN2_RX1_IRQHandler
                0x08000ee8                EXTI3_IRQHandler
                0x08000ee8                TIM8_TRG_COM_TIM14_IRQHandler
                0x08000ee8                DFSDM1_FLT1_IRQHandler
                0x08000ee8                TIM1_UP_TIM10_IRQHandler
                0x08000ee8                TIM8_UP_TIM13_IRQHandler
                0x08000ee8                I2C3_ER_IRQHandler
                0x08000ee8                DFSDM1_FLT2_IRQHandler
                0x08000ee8                EXTI0_IRQHandler
                0x08000ee8                I2C2_EV_IRQHandler
                0x08000ee8                DMA1_Stream2_IRQHandler
                0x08000ee8                CAN1_RX0_IRQHandler
                0x08000ee8                FPU_IRQHandler
                0x08000ee8                OTG_HS_WKUP_IRQHandler
                0x08000ee8                CAN3_SCE_IRQHandler
                0x08000ee8                CAN2_SCE_IRQHandler
                0x08000ee8                DMA2_Stream2_IRQHandler
                0x08000ee8                SPI1_IRQHandler
                0x08000ee8                TIM6_DAC_IRQHandler
                0x08000ee8                TIM1_BRK_TIM9_IRQHandler
                0x08000ee8                CAN2_RX0_IRQHandler
                0x08000ee8                DMA2_Stream3_IRQHandler
                0x08000ee8                SAI2_IRQHandler
                0x08000ee8                DFSDM1_FLT3_IRQHandler
                0x08000ee8                USART6_IRQHandler
                0x08000ee8                CAN3_RX0_IRQHandler
                0x08000ee8                USART3_IRQHandler
                0x08000ee8                CAN1_RX1_IRQHandler
                0x08000ee8                UART5_IRQHandler
                0x08000ee8                DMA2_Stream0_IRQHandler
                0x08000ee8                TIM4_IRQHandler
                0x08000ee8                QUADSPI_IRQHandler
                0x08000ee8                I2C1_EV_IRQHandler
                0x08000ee8                DMA1_Stream6_IRQHandler
                0x08000ee8                DMA1_Stream1_IRQHandler
                0x08000ee8                UART4_IRQHandler
                0x08000ee8                TIM3_IRQHandler
                0x08000ee8                RCC_IRQHandler
                0x08000ee8                TIM8_BRK_TIM12_IRQHandler
                0x08000ee8                Default_Handler
                0x08000ee8                CEC_IRQHandler
                0x08000ee8                EXTI15_10_IRQHandler
                0x08000ee8                ADC_IRQHandler
                0x08000ee8                DMA1_Stream7_IRQHandler
                0x08000ee8                SPI5_IRQHandler
                0x08000ee8                TIM7_IRQHandler
                0x08000ee8                SDMMC1_IRQHandler
                0x08000ee8                CAN2_TX_IRQHandler
                0x08000ee8                TIM5_IRQHandler
                0x08000ee8                DMA2_Stream7_IRQHandler
                0x08000ee8                I2C3_EV_IRQHandler
                0x08000ee8                EXTI9_5_IRQHandler
                0x08000ee8                RTC_WKUP_IRQHandler
                0x08000ee8                ETH_WKUP_IRQHandler
                0x08000ee8                SPDIF_RX_IRQHandler
                0x08000ee8                SPI2_IRQHandler
                0x08000ee8                OTG_HS_EP1_IN_IRQHandler
                0x08000ee8                DMA1_Stream0_IRQHandler
                0x08000ee8                CAN1_TX_IRQHandler
                0x08000ee8                EXTI4_IRQHandler
                0x08000ee8                RNG_IRQHandler
                0x08000ee8                ETH_IRQHandler
                0x08000ee8                OTG_HS_EP1_OUT_IRQHandler
                0x08000ee8                WWDG_IRQHandler
                0x08000ee8                SPI6_IRQHandler
                0x08000ee8                MDIOS_IRQHandler
                0x08000ee8                I2C4_EV_IRQHandler
                0x08000ee8                CAN3_TX_IRQHandler
                0x08000ee8                TIM2_IRQHandler
                0x08000ee8                OTG_FS_WKUP_IRQHandler
                0x08000ee8                TIM1_TRG_COM_TIM11_IRQHandler
                0x08000ee8                OTG_HS_IRQHandler
                0x08000ee8                DMA2D_IRQHandler
                0x08000ee8                EXTI1_IRQHandler
                0x08000ee8                SDMMC2_IRQHandler
                0x08000ee8                UART7_IRQHandler
                0x08000ee8                USART2_IRQHandler
                0x08000ee8                DFSDM1_FLT0_IRQHandler
                0x08000ee8                I2C2_ER_IRQHandler
                0x08000ee8                CAN1_SCE_IRQHandler
                0x08000ee8                FLASH_IRQHandler
                0x08000ee8                DMA2_Stream4_IRQHandler
                0x08000ee8                USART1_IRQHandler
                0x08000ee8                SPI3_IRQHandler
                0x08000ee8                DMA1_Stream4_IRQHandler
                0x08000ee8                I2C1_ER_IRQHandler
                0x08000ee8                FMC_IRQHandler
                0x08000ee8                LPTIM1_IRQHandler
                0x08000ee8                I2C4_ER_IRQHandler
                0x08000ee8                DMA2_Stream6_IRQHandler
                0x08000ee8                SAI1_IRQHandler
                0x08000ee8                DMA1_Stream3_IRQHandler
 .text.HAL_Init
                0x08000eea       0x1a ./Drivers/STM32F7xx_HAL_Driver/Src/stm32f7xx_hal.o
                0x08000eea                HAL_Init
 .text.HAL_InitTick
                0x08000f04       0x60 ./Drivers/STM32F7xx_HAL_Driver/Src/stm32f7xx_hal.o
                0x08000f04                HAL_InitTick
 .text.HAL_IncTick
                0x08000f64       0x28 ./Drivers/STM32F7xx_HAL_Driver/Src/stm32f7xx_hal.o
                0x08000f64                HAL_IncTick
 .text.HAL_GetTick
                0x08000f8c       0x18 ./Drivers/STM32F7xx_HAL_Driver/Src/stm32f7xx_hal.o
                0x08000f8c                HAL_GetTick
 .text.HAL_Delay
                0x08000fa4       0x48 ./Drivers/STM32F7xx_HAL_Driver/Src/stm32f7xx_hal.o
                0x08000fa4                HAL_Delay
 .text.__NVIC_SetPriorityGrouping
                0x08000fec       0x48 ./Drivers/STM32F7xx_HAL_Driver/Src/stm32f7xx_hal_cortex.o
 .text.__NVIC_GetPriorityGrouping
                0x08001034       0x1c ./Drivers/STM32F7xx_HAL_Driver/Src/stm32f7xx_hal_cortex.o
 .text.__NVIC_EnableIRQ
                0x08001050       0x3c ./Drivers/STM32F7xx_HAL_Driver/Src/stm32f7xx_hal_cortex.o
 .text.__NVIC_SetPriority
                0x0800108c       0x54 ./Drivers/STM32F7xx_HAL_Driver/Src/stm32f7xx_hal_cortex.o
 .text.NVIC_EncodePriority
                0x080010e0       0x66 ./Drivers/STM32F7xx_HAL_Driver/Src/stm32f7xx_hal_cortex.o
 *fill*         0x08001146        0x2 
 .text.SysTick_Config
                0x08001148       0x44 ./Drivers/STM32F7xx_HAL_Driver/Src/stm32f7xx_hal_cortex.o
 .text.HAL_NVIC_SetPriorityGrouping
                0x0800118c       0x16 ./Drivers/STM32F7xx_HAL_Driver/Src/stm32f7xx_hal_cortex.o
                0x0800118c                HAL_NVIC_SetPriorityGrouping
 .text.HAL_NVIC_SetPriority
                0x080011a2       0x38 ./Drivers/STM32F7xx_HAL_Driver/Src/stm32f7xx_hal_cortex.o
                0x080011a2                HAL_NVIC_SetPriority
 .text.HAL_NVIC_EnableIRQ
                0x080011da       0x1c ./Drivers/STM32F7xx_HAL_Driver/Src/stm32f7xx_hal_cortex.o
                0x080011da                HAL_NVIC_EnableIRQ
 .text.HAL_SYSTICK_Config
                0x080011f6       0x18 ./Drivers/STM32F7xx_HAL_Driver/Src/stm32f7xx_hal_cortex.o
                0x080011f6                HAL_SYSTICK_Config
 *fill*         0x0800120e        0x2 
 .text.HAL_MPU_Disable
                0x08001210       0x30 ./Drivers/STM32F7xx_HAL_Driver/Src/stm32f7xx_hal_cortex.o
                0x08001210                HAL_MPU_Disable
 .text.HAL_MPU_Enable
                0x08001240       0x40 ./Drivers/STM32F7xx_HAL_Driver/Src/stm32f7xx_hal_cortex.o
                0x08001240                HAL_MPU_Enable
 .text.HAL_MPU_ConfigRegion
                0x08001280       0x80 ./Drivers/STM32F7xx_HAL_Driver/Src/stm32f7xx_hal_cortex.o
                0x08001280                HAL_MPU_ConfigRegion
 .text.HAL_DCMI_Init
                0x08001300       0xf4 ./Drivers/STM32F7xx_HAL_Driver/Src/stm32f7xx_hal_dcmi.o
                0x08001300                HAL_DCMI_Init
 .text.HAL_DCMI_IRQHandler
                0x080013f4      0x124 ./Drivers/STM32F7xx_HAL_Driver/Src/stm32f7xx_hal_dcmi.o
                0x080013f4                HAL_DCMI_IRQHandler
 .text.HAL_DCMI_ErrorCallback
                0x08001518       0x14 ./Drivers/STM32F7xx_HAL_Driver/Src/stm32f7xx_hal_dcmi.o
                0x08001518                HAL_DCMI_ErrorCallback
 .text.HAL_DCMI_LineEventCallback
                0x0800152c       0x14 ./Drivers/STM32F7xx_HAL_Driver/Src/stm32f7xx_hal_dcmi.o
                0x0800152c                HAL_DCMI_LineEventCallback
 .text.HAL_DCMI_VsyncEventCallback
                0x08001540       0x14 ./Drivers/STM32F7xx_HAL_Driver/Src/stm32f7xx_hal_dcmi.o
                0x08001540                HAL_DCMI_VsyncEventCallback
 .text.HAL_DCMI_FrameEventCallback
                0x08001554       0x14 ./Drivers/STM32F7xx_HAL_Driver/Src/stm32f7xx_hal_dcmi.o
                0x08001554                HAL_DCMI_FrameEventCallback
 .text.DCMI_DMAError
                0x08001568       0x3a ./Drivers/STM32F7xx_HAL_Driver/Src/stm32f7xx_hal_dcmi.o
 *fill*         0x080015a2        0x2 
 .text.HAL_DMA_Init
                0x080015a4      0x15c ./Drivers/STM32F7xx_HAL_Driver/Src/stm32f7xx_hal_dma.o
                0x080015a4                HAL_DMA_Init
 .text.HAL_DMA_Abort_IT
                0x08001700       0x44 ./Drivers/STM32F7xx_HAL_Driver/Src/stm32f7xx_hal_dma.o
                0x08001700                HAL_DMA_Abort_IT
 .text.HAL_DMA_IRQHandler
                0x08001744      0x314 ./Drivers/STM32F7xx_HAL_Driver/Src/stm32f7xx_hal_dma.o
                0x08001744                HAL_DMA_IRQHandler
 .text.DMA_CalcBaseAndBitshift
                0x08001a58       0x6c ./Drivers/STM32F7xx_HAL_Driver/Src/stm32f7xx_hal_dma.o
 .text.DMA_CheckFifoParam
                0x08001ac4       0xf8 ./Drivers/STM32F7xx_HAL_Driver/Src/stm32f7xx_hal_dma.o
 .text.HAL_GPIO_Init
                0x08001bbc      0x358 ./Drivers/STM32F7xx_HAL_Driver/Src/stm32f7xx_hal_gpio.o
                0x08001bbc                HAL_GPIO_Init
 .text.HAL_GPIO_WritePin
                0x08001f14       0x32 ./Drivers/STM32F7xx_HAL_Driver/Src/stm32f7xx_hal_gpio.o
                0x08001f14                HAL_GPIO_WritePin
 .text.HAL_GPIO_TogglePin
                0x08001f46       0x34 ./Drivers/STM32F7xx_HAL_Driver/Src/stm32f7xx_hal_gpio.o
                0x08001f46                HAL_GPIO_TogglePin
 *fill*         0x08001f7a        0x2 
 .text.HAL_I2C_Init
                0x08001f7c      0x138 ./Drivers/STM32F7xx_HAL_Driver/Src/stm32f7xx_hal_i2c.o
                0x08001f7c                HAL_I2C_Init
 .text.HAL_I2CEx_ConfigAnalogFilter
                0x080020b4       0x96 ./Drivers/STM32F7xx_HAL_Driver/Src/stm32f7xx_hal_i2c_ex.o
                0x080020b4                HAL_I2CEx_ConfigAnalogFilter
 .text.HAL_I2CEx_ConfigDigitalFilter
                0x0800214a       0x98 ./Drivers/STM32F7xx_HAL_Driver/Src/stm32f7xx_hal_i2c_ex.o
                0x0800214a                HAL_I2CEx_ConfigDigitalFilter
 .text.HAL_PCD_Init
                0x080021e2      0x22c ./Drivers/STM32F7xx_HAL_Driver/Src/stm32f7xx_hal_pcd.o
                0x080021e2                HAL_PCD_Init
 .text.HAL_PCD_Start
                0x0800240e       0x44 ./Drivers/STM32F7xx_HAL_Driver/Src/stm32f7xx_hal_pcd.o
                0x0800240e                HAL_PCD_Start
 .text.HAL_PCD_IRQHandler
                0x08002452      0x99c ./Drivers/STM32F7xx_HAL_Driver/Src/stm32f7xx_hal_pcd.o
                0x08002452                HAL_PCD_IRQHandler
 .text.HAL_PCD_SetAddress
                0x08002dee       0x48 ./Drivers/STM32F7xx_HAL_Driver/Src/stm32f7xx_hal_pcd.o
                0x08002dee                HAL_PCD_SetAddress
 .text.HAL_PCD_EP_Open
                0x08002e36       0xd4 ./Drivers/STM32F7xx_HAL_Driver/Src/stm32f7xx_hal_pcd.o
                0x08002e36                HAL_PCD_EP_Open
 .text.HAL_PCD_EP_Close
                0x08002f0a       0x94 ./Drivers/STM32F7xx_HAL_Driver/Src/stm32f7xx_hal_pcd.o
                0x08002f0a                HAL_PCD_EP_Close
 .text.HAL_PCD_EP_Receive
                0x08002f9e       0x76 ./Drivers/STM32F7xx_HAL_Driver/Src/stm32f7xx_hal_pcd.o
                0x08002f9e                HAL_PCD_EP_Receive
 .text.HAL_PCD_EP_GetRxCount
                0x08003014       0x30 ./Drivers/STM32F7xx_HAL_Driver/Src/stm32f7xx_hal_pcd.o
                0x08003014                HAL_PCD_EP_GetRxCount
 .text.HAL_PCD_EP_Transmit
                0x08003044       0x74 ./Drivers/STM32F7xx_HAL_Driver/Src/stm32f7xx_hal_pcd.o
                0x08003044                HAL_PCD_EP_Transmit
 .text.HAL_PCD_EP_SetStall
                0x080030b8       0xc6 ./Drivers/STM32F7xx_HAL_Driver/Src/stm32f7xx_hal_pcd.o
                0x080030b8                HAL_PCD_EP_SetStall
 .text.HAL_PCD_EP_ClrStall
                0x0800317e       0xac ./Drivers/STM32F7xx_HAL_Driver/Src/stm32f7xx_hal_pcd.o
                0x0800317e                HAL_PCD_EP_ClrStall
 .text.HAL_PCD_EP_Abort
                0x0800322a       0x62 ./Drivers/STM32F7xx_HAL_Driver/Src/stm32f7xx_hal_pcd.o
                0x0800322a                HAL_PCD_EP_Abort
 .text.PCD_WriteEmptyTxFifo
                0x0800328c      0x118 ./Drivers/STM32F7xx_HAL_Driver/Src/stm32f7xx_hal_pcd.o
 .text.PCD_EP_OutXfrComplete_int
                0x080033a4      0x1d0 ./Drivers/STM32F7xx_HAL_Driver/Src/stm32f7xx_hal_pcd.o
 .text.PCD_EP_OutSetupPacket_int
                0x08003574       0x8c ./Drivers/STM32F7xx_HAL_Driver/Src/stm32f7xx_hal_pcd.o
 .text.HAL_PCDEx_SetTxFiFo
                0x08003600       0x8e ./Drivers/STM32F7xx_HAL_Driver/Src/stm32f7xx_hal_pcd_ex.o
                0x08003600                HAL_PCDEx_SetTxFiFo
 .text.HAL_PCDEx_SetRxFiFo
                0x0800368e       0x22 ./Drivers/STM32F7xx_HAL_Driver/Src/stm32f7xx_hal_pcd_ex.o
                0x0800368e                HAL_PCDEx_SetRxFiFo
 .text.HAL_PCDEx_ActivateLPM
                0x080036b0       0x48 ./Drivers/STM32F7xx_HAL_Driver/Src/stm32f7xx_hal_pcd_ex.o
                0x080036b0                HAL_PCDEx_ActivateLPM
 .text.HAL_PWREx_EnableOverDrive
                0x080036f8       0xa0 ./Drivers/STM32F7xx_HAL_Driver/Src/stm32f7xx_hal_pwr_ex.o
                0x080036f8                HAL_PWREx_EnableOverDrive
 .text.HAL_RCC_OscConfig
                0x08003798      0x55c ./Drivers/STM32F7xx_HAL_Driver/Src/stm32f7xx_hal_rcc.o
                0x08003798                HAL_RCC_OscConfig
 .text.HAL_RCC_ClockConfig
                0x08003cf4      0x1d8 ./Drivers/STM32F7xx_HAL_Driver/Src/stm32f7xx_hal_rcc.o
                0x08003cf4                HAL_RCC_ClockConfig
 .text.HAL_RCC_GetSysClockFreq
                0x08003ecc      0x208 ./Drivers/STM32F7xx_HAL_Driver/Src/stm32f7xx_hal_rcc.o
                0x08003ecc                HAL_RCC_GetSysClockFreq
 .text.HAL_RCC_GetHCLKFreq
                0x080040d4       0x18 ./Drivers/STM32F7xx_HAL_Driver/Src/stm32f7xx_hal_rcc.o
                0x080040d4                HAL_RCC_GetHCLKFreq
 .text.HAL_RCCEx_PeriphCLKConfig
                0x080040ec      0x7e0 ./Drivers/STM32F7xx_HAL_Driver/Src/stm32f7xx_hal_rcc_ex.o
                0x080040ec                HAL_RCCEx_PeriphCLKConfig
 .text.HAL_TIM_Base_Init
                0x080048cc       0xae ./Drivers/STM32F7xx_HAL_Driver/Src/stm32f7xx_hal_tim.o
                0x080048cc                HAL_TIM_Base_Init
 *fill*         0x0800497a        0x2 
 .text.HAL_TIM_ConfigClockSource
                0x0800497c      0x194 ./Drivers/STM32F7xx_HAL_Driver/Src/stm32f7xx_hal_tim.o
                0x0800497c                HAL_TIM_ConfigClockSource
 .text.TIM_Base_SetConfig
                0x08004b10      0x14c ./Drivers/STM32F7xx_HAL_Driver/Src/stm32f7xx_hal_tim.o
                0x08004b10                TIM_Base_SetConfig
 .text.TIM_TI1_ConfigInputStage
                0x08004c5c       0x5e ./Drivers/STM32F7xx_HAL_Driver/Src/stm32f7xx_hal_tim.o
 .text.TIM_TI2_ConfigInputStage
                0x08004cba       0x60 ./Drivers/STM32F7xx_HAL_Driver/Src/stm32f7xx_hal_tim.o
 .text.TIM_ITRx_SetConfig
                0x08004d1a       0x36 ./Drivers/STM32F7xx_HAL_Driver/Src/stm32f7xx_hal_tim.o
 .text.TIM_ETR_SetConfig
                0x08004d50       0x40 ./Drivers/STM32F7xx_HAL_Driver/Src/stm32f7xx_hal_tim.o
                0x08004d50                TIM_ETR_SetConfig
 .text.HAL_TIMEx_MasterConfigSynchronization
                0x08004d90      0x11c ./Drivers/STM32F7xx_HAL_Driver/Src/stm32f7xx_hal_tim_ex.o
                0x08004d90                HAL_TIMEx_MasterConfigSynchronization
 .text.USB_CoreInit
                0x08004eac       0xb4 ./Drivers/STM32F7xx_HAL_Driver/Src/stm32f7xx_ll_usb.o
                0x08004eac                USB_CoreInit
 .text.USB_SetTurnaroundTime
                0x08004f60      0x144 ./Drivers/STM32F7xx_HAL_Driver/Src/stm32f7xx_ll_usb.o
                0x08004f60                USB_SetTurnaroundTime
 .text.USB_EnableGlobalInt
                0x080050a4       0x22 ./Drivers/STM32F7xx_HAL_Driver/Src/stm32f7xx_ll_usb.o
                0x080050a4                USB_EnableGlobalInt
 .text.USB_DisableGlobalInt
                0x080050c6       0x22 ./Drivers/STM32F7xx_HAL_Driver/Src/stm32f7xx_ll_usb.o
                0x080050c6                USB_DisableGlobalInt
 .text.USB_SetCurrentMode
                0x080050e8       0x98 ./Drivers/STM32F7xx_HAL_Driver/Src/stm32f7xx_ll_usb.o
                0x080050e8                USB_SetCurrentMode
 .text.USB_DevInit
                0x08005180      0x2bc ./Drivers/STM32F7xx_HAL_Driver/Src/stm32f7xx_ll_usb.o
                0x08005180                USB_DevInit
 .text.USB_FlushTxFifo
                0x0800543c       0x64 ./Drivers/STM32F7xx_HAL_Driver/Src/stm32f7xx_ll_usb.o
                0x0800543c                USB_FlushTxFifo
 .text.USB_FlushRxFifo
                0x080054a0       0x5c ./Drivers/STM32F7xx_HAL_Driver/Src/stm32f7xx_ll_usb.o
                0x080054a0                USB_FlushRxFifo
 .text.USB_SetDevSpeed
                0x080054fc       0x32 ./Drivers/STM32F7xx_HAL_Driver/Src/stm32f7xx_ll_usb.o
                0x080054fc                USB_SetDevSpeed
 .text.USB_GetDevSpeed
                0x0800552e       0x4a ./Drivers/STM32F7xx_HAL_Driver/Src/stm32f7xx_ll_usb.o
                0x0800552e                USB_GetDevSpeed
 .text.USB_ActivateEndpoint
                0x08005578      0x110 ./Drivers/STM32F7xx_HAL_Driver/Src/stm32f7xx_ll_usb.o
                0x08005578                USB_ActivateEndpoint
 .text.USB_DeactivateEndpoint
                0x08005688      0x1b8 ./Drivers/STM32F7xx_HAL_Driver/Src/stm32f7xx_ll_usb.o
                0x08005688                USB_DeactivateEndpoint
 .text.USB_EPStartXfer
                0x08005840      0x548 ./Drivers/STM32F7xx_HAL_Driver/Src/stm32f7xx_ll_usb.o
                0x08005840                USB_EPStartXfer
 .text.USB_EPStopXfer
                0x08005d88      0x154 ./Drivers/STM32F7xx_HAL_Driver/Src/stm32f7xx_ll_usb.o
                0x08005d88                USB_EPStopXfer
 .text.USB_WritePacket
                0x08005edc       0x7c ./Drivers/STM32F7xx_HAL_Driver/Src/stm32f7xx_ll_usb.o
                0x08005edc                USB_WritePacket
 .text.USB_ReadPacket
                0x08005f58       0xb0 ./Drivers/STM32F7xx_HAL_Driver/Src/stm32f7xx_ll_usb.o
                0x08005f58                USB_ReadPacket
 .text.USB_EPSetStall
                0x08006008       0xdc ./Drivers/STM32F7xx_HAL_Driver/Src/stm32f7xx_ll_usb.o
                0x08006008                USB_EPSetStall
 .text.USB_EPClearStall
                0x080060e4       0xcc ./Drivers/STM32F7xx_HAL_Driver/Src/stm32f7xx_ll_usb.o
                0x080060e4                USB_EPClearStall
 .text.USB_SetDevAddress
                0x080061b0       0x4c ./Drivers/STM32F7xx_HAL_Driver/Src/stm32f7xx_ll_usb.o
                0x080061b0                USB_SetDevAddress
 .text.USB_DevConnect
                0x080061fc       0x42 ./Drivers/STM32F7xx_HAL_Driver/Src/stm32f7xx_ll_usb.o
                0x080061fc                USB_DevConnect
 .text.USB_DevDisconnect
                0x0800623e       0x42 ./Drivers/STM32F7xx_HAL_Driver/Src/stm32f7xx_ll_usb.o
                0x0800623e                USB_DevDisconnect
 .text.USB_ReadInterrupts
                0x08006280       0x26 ./Drivers/STM32F7xx_HAL_Driver/Src/stm32f7xx_ll_usb.o
                0x08006280                USB_ReadInterrupts
 .text.USB_ReadDevAllOutEpInterrupt
                0x080062a6       0x34 ./Drivers/STM32F7xx_HAL_Driver/Src/stm32f7xx_ll_usb.o
                0x080062a6                USB_ReadDevAllOutEpInterrupt
 .text.USB_ReadDevAllInEpInterrupt
                0x080062da       0x34 ./Drivers/STM32F7xx_HAL_Driver/Src/stm32f7xx_ll_usb.o
                0x080062da                USB_ReadDevAllInEpInterrupt
 .text.USB_ReadDevOutEPInterrupt
                0x0800630e       0x3c ./Drivers/STM32F7xx_HAL_Driver/Src/stm32f7xx_ll_usb.o
                0x0800630e                USB_ReadDevOutEPInterrupt
 .text.USB_ReadDevInEPInterrupt
                0x0800634a       0x5c ./Drivers/STM32F7xx_HAL_Driver/Src/stm32f7xx_ll_usb.o
                0x0800634a                USB_ReadDevInEPInterrupt
 .text.USB_GetMode
                0x080063a6       0x1c ./Drivers/STM32F7xx_HAL_Driver/Src/stm32f7xx_ll_usb.o
                0x080063a6                USB_GetMode
 *fill*         0x080063c2        0x2 
 .text.USB_ActivateSetup
                0x080063c4       0x48 ./Drivers/STM32F7xx_HAL_Driver/Src/stm32f7xx_ll_usb.o
                0x080063c4                USB_ActivateSetup
 .text.USB_EP0_OutStart
                0x0800640c       0xbc ./Drivers/STM32F7xx_HAL_Driver/Src/stm32f7xx_ll_usb.o
                0x0800640c                USB_EP0_OutStart
 .text.USB_CoreReset
                0x080064c8       0x70 ./Drivers/STM32F7xx_HAL_Driver/Src/stm32f7xx_ll_usb.o
 .text.USBD_CDC_Init
                0x08006538      0x1f0 ./Middlewares/ST/STM32_USB_Device_Library/Class/CDC/Src/usbd_cdc.o
 .text.USBD_CDC_DeInit
                0x08006728      0x104 ./Middlewares/ST/STM32_USB_Device_Library/Class/CDC/Src/usbd_cdc.o
 .text.USBD_CDC_Setup
                0x0800682c      0x1b8 ./Middlewares/ST/STM32_USB_Device_Library/Class/CDC/Src/usbd_cdc.o
 .text.USBD_CDC_DataIn
                0x080069e4       0xfe ./Middlewares/ST/STM32_USB_Device_Library/Class/CDC/Src/usbd_cdc.o
 .text.USBD_CDC_DataOut
                0x08006ae2       0x70 ./Middlewares/ST/STM32_USB_Device_Library/Class/CDC/Src/usbd_cdc.o
 .text.USBD_CDC_EP0_RxReady
                0x08006b52       0x74 ./Middlewares/ST/STM32_USB_Device_Library/Class/CDC/Src/usbd_cdc.o
 *fill*         0x08006bc6        0x2 
 .text.USBD_CDC_GetFSCfgDesc
                0x08006bc8       0x70 ./Middlewares/ST/STM32_USB_Device_Library/Class/CDC/Src/usbd_cdc.o
 .text.USBD_CDC_GetHSCfgDesc
                0x08006c38       0x70 ./Middlewares/ST/STM32_USB_Device_Library/Class/CDC/Src/usbd_cdc.o
 .text.USBD_CDC_GetOtherSpeedCfgDesc
                0x08006ca8       0x70 ./Middlewares/ST/STM32_USB_Device_Library/Class/CDC/Src/usbd_cdc.o
 .text.USBD_CDC_GetDeviceQualifierDescriptor
                0x08006d18       0x20 ./Middlewares/ST/STM32_USB_Device_Library/Class/CDC/Src/usbd_cdc.o
                0x08006d18                USBD_CDC_GetDeviceQualifierDescriptor
 .text.USBD_CDC_RegisterInterface
                0x08006d38       0x34 ./Middlewares/ST/STM32_USB_Device_Library/Class/CDC/Src/usbd_cdc.o
                0x08006d38                USBD_CDC_RegisterInterface
 .text.USBD_CDC_SetTxBuffer
                0x08006d6c       0x44 ./Middlewares/ST/STM32_USB_Device_Library/Class/CDC/Src/usbd_cdc.o
                0x08006d6c                USBD_CDC_SetTxBuffer
 .text.USBD_CDC_SetRxBuffer
                0x08006db0       0x3a ./Middlewares/ST/STM32_USB_Device_Library/Class/CDC/Src/usbd_cdc.o
                0x08006db0                USBD_CDC_SetRxBuffer
 *fill*         0x08006dea        0x2 
 .text.USBD_CDC_ReceivePacket
                0x08006dec       0x6c ./Middlewares/ST/STM32_USB_Device_Library/Class/CDC/Src/usbd_cdc.o
                0x08006dec                USBD_CDC_ReceivePacket
 .text.USBD_Init
                0x08006e58       0x60 ./Middlewares/ST/STM32_USB_Device_Library/Core/Src/usbd_core.o
                0x08006e58                USBD_Init
 .text.USBD_RegisterClass
                0x08006eb8       0x6c ./Middlewares/ST/STM32_USB_Device_Library/Core/Src/usbd_core.o
                0x08006eb8                USBD_RegisterClass
 .text.USBD_Start
                0x08006f24       0x18 ./Middlewares/ST/STM32_USB_Device_Library/Core/Src/usbd_core.o
                0x08006f24                USBD_Start
 .text.USBD_RunTestMode
                0x08006f3c       0x16 ./Middlewares/ST/STM32_USB_Device_Library/Core/Src/usbd_core.o
                0x08006f3c                USBD_RunTestMode
 .text.USBD_SetClassConfig
                0x08006f52       0x38 ./Middlewares/ST/STM32_USB_Device_Library/Core/Src/usbd_core.o
                0x08006f52                USBD_SetClassConfig
 .text.USBD_ClrClassConfig
                0x08006f8a       0x34 ./Middlewares/ST/STM32_USB_Device_Library/Core/Src/usbd_core.o
                0x08006f8a                USBD_ClrClassConfig
 .text.USBD_LL_SetupStage
                0x08006fbe       0xaa ./Middlewares/ST/STM32_USB_Device_Library/Core/Src/usbd_core.o
                0x08006fbe                USBD_LL_SetupStage
 .text.USBD_LL_DataOutStage
                0x08007068      0x178 ./Middlewares/ST/STM32_USB_Device_Library/Core/Src/usbd_core.o
                0x08007068                USBD_LL_DataOutStage
 .text.USBD_LL_DataInStage
                0x080071e0      0x176 ./Middlewares/ST/STM32_USB_Device_Library/Core/Src/usbd_core.o
                0x080071e0                USBD_LL_DataInStage
 .text.USBD_LL_Reset
                0x08007356       0xa6 ./Middlewares/ST/STM32_USB_Device_Library/Core/Src/usbd_core.o
                0x08007356                USBD_LL_Reset
 .text.USBD_LL_SetSpeed
                0x080073fc       0x20 ./Middlewares/ST/STM32_USB_Device_Library/Core/Src/usbd_core.o
                0x080073fc                USBD_LL_SetSpeed
 .text.USBD_LL_Suspend
                0x0800741c       0x38 ./Middlewares/ST/STM32_USB_Device_Library/Core/Src/usbd_core.o
                0x0800741c                USBD_LL_Suspend
 .text.USBD_LL_Resume
                0x08007454       0x30 ./Middlewares/ST/STM32_USB_Device_Library/Core/Src/usbd_core.o
                0x08007454                USBD_LL_Resume
 .text.USBD_LL_SOF
                0x08007484       0x40 ./Middlewares/ST/STM32_USB_Device_Library/Core/Src/usbd_core.o
                0x08007484                USBD_LL_SOF
 .text.USBD_LL_IsoINIncomplete
                0x080074c4       0x64 ./Middlewares/ST/STM32_USB_Device_Library/Core/Src/usbd_core.o
                0x080074c4                USBD_LL_IsoINIncomplete
 .text.USBD_LL_IsoOUTIncomplete
                0x08007528       0x64 ./Middlewares/ST/STM32_USB_Device_Library/Core/Src/usbd_core.o
                0x08007528                USBD_LL_IsoOUTIncomplete
 .text.USBD_LL_DevConnected
                0x0800758c       0x16 ./Middlewares/ST/STM32_USB_Device_Library/Core/Src/usbd_core.o
                0x0800758c                USBD_LL_DevConnected
 .text.USBD_LL_DevDisconnected
                0x080075a2       0x46 ./Middlewares/ST/STM32_USB_Device_Library/Core/Src/usbd_core.o
                0x080075a2                USBD_LL_DevDisconnected
 .text.USBD_CoreFindIF
                0x080075e8       0x1a ./Middlewares/ST/STM32_USB_Device_Library/Core/Src/usbd_core.o
                0x080075e8                USBD_CoreFindIF
 .text.USBD_CoreFindEP
                0x08007602       0x1a ./Middlewares/ST/STM32_USB_Device_Library/Core/Src/usbd_core.o
                0x08007602                USBD_CoreFindEP
 .text.USBD_GetEpDesc
                0x0800761c       0x70 ./Middlewares/ST/STM32_USB_Device_Library/Core/Src/usbd_core.o
                0x0800761c                USBD_GetEpDesc
 .text.USBD_GetNextDesc
                0x0800768c       0x38 ./Middlewares/ST/STM32_USB_Device_Library/Core/Src/usbd_core.o
                0x0800768c                USBD_GetNextDesc
 .text.SWAPBYTE
                0x080076c4       0x3e ./Middlewares/ST/STM32_USB_Device_Library/Core/Src/usbd_ctlreq.o
 *fill*         0x08007702        0x2 
 .text.USBD_StdDevReq
                0x08007704       0xe4 ./Middlewares/ST/STM32_USB_Device_Library/Core/Src/usbd_ctlreq.o
                0x08007704                USBD_StdDevReq
 .text.USBD_StdItfReq
                0x080077e8       0xd8 ./Middlewares/ST/STM32_USB_Device_Library/Core/Src/usbd_ctlreq.o
                0x080077e8                USBD_StdItfReq
 .text.USBD_StdEPReq
                0x080078c0      0x33e ./Middlewares/ST/STM32_USB_Device_Library/Core/Src/usbd_ctlreq.o
                0x080078c0                USBD_StdEPReq
 *fill*         0x08007bfe        0x2 
 .text.USBD_GetDescriptor
                0x08007c00      0x328 ./Middlewares/ST/STM32_USB_Device_Library/Core/Src/usbd_ctlreq.o
 .text.USBD_SetAddress
                0x08007f28       0x88 ./Middlewares/ST/STM32_USB_Device_Library/Core/Src/usbd_ctlreq.o
 .text.USBD_SetConfig
                0x08007fb0      0x154 ./Middlewares/ST/STM32_USB_Device_Library/Core/Src/usbd_ctlreq.o
 .text.USBD_GetConfig
                0x08008104       0x6c ./Middlewares/ST/STM32_USB_Device_Library/Core/Src/usbd_ctlreq.o
 .text.USBD_GetStatus
                0x08008170       0x68 ./Middlewares/ST/STM32_USB_Device_Library/Core/Src/usbd_ctlreq.o
 .text.USBD_SetFeature
                0x080081d8       0x52 ./Middlewares/ST/STM32_USB_Device_Library/Core/Src/usbd_ctlreq.o
 .text.USBD_ClrFeature
                0x0800822a       0x44 ./Middlewares/ST/STM32_USB_Device_Library/Core/Src/usbd_ctlreq.o
 .text.USBD_ParseSetupRequest
                0x0800826e       0x74 ./Middlewares/ST/STM32_USB_Device_Library/Core/Src/usbd_ctlreq.o
                0x0800826e                USBD_ParseSetupRequest
 .text.USBD_CtlError
                0x080082e2       0x22 ./Middlewares/ST/STM32_USB_Device_Library/Core/Src/usbd_ctlreq.o
                0x080082e2                USBD_CtlError
 .text.USBD_GetString
                0x08008304       0xa4 ./Middlewares/ST/STM32_USB_Device_Library/Core/Src/usbd_ctlreq.o
                0x08008304                USBD_GetString
 .text.USBD_GetLen
                0x080083a8       0x34 ./Middlewares/ST/STM32_USB_Device_Library/Core/Src/usbd_ctlreq.o
 .text.USBD_CtlSendData
                0x080083dc       0x3c ./Middlewares/ST/STM32_USB_Device_Library/Core/Src/usbd_ioreq.o
                0x080083dc                USBD_CtlSendData
 .text.USBD_CtlContinueSendData
                0x08008418       0x22 ./Middlewares/ST/STM32_USB_Device_Library/Core/Src/usbd_ioreq.o
                0x08008418                USBD_CtlContinueSendData
 .text.USBD_CtlPrepareRx
                0x0800843a       0x42 ./Middlewares/ST/STM32_USB_Device_Library/Core/Src/usbd_ioreq.o
                0x0800843a                USBD_CtlPrepareRx
 .text.USBD_CtlContinueRx
                0x0800847c       0x22 ./Middlewares/ST/STM32_USB_Device_Library/Core/Src/usbd_ioreq.o
                0x0800847c                USBD_CtlContinueRx
 .text.USBD_CtlSendStatus
                0x0800849e       0x26 ./Middlewares/ST/STM32_USB_Device_Library/Core/Src/usbd_ioreq.o
                0x0800849e                USBD_CtlSendStatus
 .text.USBD_CtlReceiveStatus
                0x080084c4       0x26 ./Middlewares/ST/STM32_USB_Device_Library/Core/Src/usbd_ioreq.o
                0x080084c4                USBD_CtlReceiveStatus
 *fill*         0x080084ea        0x2 
 .text.MX_USB_DEVICE_Init
                0x080084ec       0x60 ./USB_DEVICE/App/usb_device.o
                0x080084ec                MX_USB_DEVICE_Init
 .text.CDC_Init_FS
                0x0800854c       0x28 ./USB_DEVICE/App/usbd_cdc_if.o
 .text.CDC_DeInit_FS
                0x08008574       0x10 ./USB_DEVICE/App/usbd_cdc_if.o
 .text.CDC_Control_FS
                0x08008584       0xbc ./USB_DEVICE/App/usbd_cdc_if.o
 .text.CDC_Receive_FS
                0x08008640       0x28 ./USB_DEVICE/App/usbd_cdc_if.o
 .text.CDC_TransmitCplt_FS
                0x08008668       0x22 ./USB_DEVICE/App/usbd_cdc_if.o
 *fill*         0x0800868a        0x2 
 .text.USBD_FS_DeviceDescriptor
                0x0800868c       0x24 ./USB_DEVICE/App/usbd_desc.o
                0x0800868c                USBD_FS_DeviceDescriptor
 .text.USBD_FS_LangIDStrDescriptor
                0x080086b0       0x24 ./USB_DEVICE/App/usbd_desc.o
                0x080086b0                USBD_FS_LangIDStrDescriptor
 .text.USBD_FS_ProductStrDescriptor
                0x080086d4       0x3c ./USB_DEVICE/App/usbd_desc.o
                0x080086d4                USBD_FS_ProductStrDescriptor
 .text.USBD_FS_ManufacturerStrDescriptor
                0x08008710       0x28 ./USB_DEVICE/App/usbd_desc.o
                0x08008710                USBD_FS_ManufacturerStrDescriptor
 .text.USBD_FS_SerialStrDescriptor
                0x08008738       0x24 ./USB_DEVICE/App/usbd_desc.o
                0x08008738                USBD_FS_SerialStrDescriptor
 .text.USBD_FS_ConfigStrDescriptor
                0x0800875c       0x3c ./USB_DEVICE/App/usbd_desc.o
                0x0800875c                USBD_FS_ConfigStrDescriptor
 .text.USBD_FS_InterfaceStrDescriptor
                0x08008798       0x3c ./USB_DEVICE/App/usbd_desc.o
                0x08008798                USBD_FS_InterfaceStrDescriptor
 .text.USBD_FS_USR_BOSDescriptor
                0x080087d4       0x24 ./USB_DEVICE/App/usbd_desc.o
                0x080087d4                USBD_FS_USR_BOSDescriptor
 .text.Get_SerialNum
                0x080087f8       0x58 ./USB_DEVICE/App/usbd_desc.o
 .text.IntToUnicode
                0x08008850       0x7e ./USB_DEVICE/App/usbd_desc.o
 *fill*         0x080088ce        0x2 
 .text.HAL_PCD_MspInit
                0x080088d0       0xe4 ./USB_DEVICE/Target/usbd_conf.o
                0x080088d0                HAL_PCD_MspInit
 .text.HAL_PCD_SetupStageCallback
                0x080089b4       0x24 ./USB_DEVICE/Target/usbd_conf.o
                0x080089b4                HAL_PCD_SetupStageCallback
 .text.HAL_PCD_DataOutStageCallback
                0x080089d8       0x36 ./USB_DEVICE/Target/usbd_conf.o
                0x080089d8                HAL_PCD_DataOutStageCallback
 .text.HAL_PCD_DataInStageCallback
                0x08008a0e       0x34 ./USB_DEVICE/Target/usbd_conf.o
                0x08008a0e                HAL_PCD_DataInStageCallback
 .text.HAL_PCD_SOFCallback
                0x08008a42       0x1c ./USB_DEVICE/Target/usbd_conf.o
                0x08008a42                HAL_PCD_SOFCallback
 .text.HAL_PCD_ResetCallback
                0x08008a5e       0x50 ./USB_DEVICE/Target/usbd_conf.o
                0x08008a5e                HAL_PCD_ResetCallback
 *fill*         0x08008aae        0x2 
 .text.HAL_PCD_SuspendCallback
                0x08008ab0       0x4c ./USB_DEVICE/Target/usbd_conf.o
                0x08008ab0                HAL_PCD_SuspendCallback
 .text.HAL_PCD_ResumeCallback
                0x08008afc       0x1c ./USB_DEVICE/Target/usbd_conf.o
                0x08008afc                HAL_PCD_ResumeCallback
 .text.HAL_PCD_ISOOUTIncompleteCallback
                0x08008b18       0x24 ./USB_DEVICE/Target/usbd_conf.o
                0x08008b18                HAL_PCD_ISOOUTIncompleteCallback
 .text.HAL_PCD_ISOINIncompleteCallback
                0x08008b3c       0x24 ./USB_DEVICE/Target/usbd_conf.o
                0x08008b3c                HAL_PCD_ISOINIncompleteCallback
 .text.HAL_PCD_ConnectCallback
                0x08008b60       0x1c ./USB_DEVICE/Target/usbd_conf.o
                0x08008b60                HAL_PCD_ConnectCallback
 .text.HAL_PCD_DisconnectCallback
                0x08008b7c       0x1c ./USB_DEVICE/Target/usbd_conf.o
                0x08008b7c                HAL_PCD_DisconnectCallback
 .text.USBD_LL_Init
                0x08008b98       0x98 ./USB_DEVICE/Target/usbd_conf.o
                0x08008b98                USBD_LL_Init
 .text.USBD_LL_Start
                0x08008c30       0x36 ./USB_DEVICE/Target/usbd_conf.o
                0x08008c30                USBD_LL_Start
 .text.USBD_LL_OpenEP
                0x08008c66       0x4c ./USB_DEVICE/Target/usbd_conf.o
                0x08008c66                USBD_LL_OpenEP
 .text.USBD_LL_CloseEP
                0x08008cb2       0x3e ./USB_DEVICE/Target/usbd_conf.o
                0x08008cb2                USBD_LL_CloseEP
 .text.USBD_LL_StallEP
                0x08008cf0       0x3e ./USB_DEVICE/Target/usbd_conf.o
                0x08008cf0                USBD_LL_StallEP
 .text.USBD_LL_ClearStallEP
                0x08008d2e       0x3e ./USB_DEVICE/Target/usbd_conf.o
                0x08008d2e                USBD_LL_ClearStallEP
 .text.USBD_LL_IsStallEP
                0x08008d6c       0x58 ./USB_DEVICE/Target/usbd_conf.o
                0x08008d6c                USBD_LL_IsStallEP
 .text.USBD_LL_SetUSBAddress
                0x08008dc4       0x3e ./USB_DEVICE/Target/usbd_conf.o
                0x08008dc4                USBD_LL_SetUSBAddress
 .text.USBD_LL_Transmit
                0x08008e02       0x42 ./USB_DEVICE/Target/usbd_conf.o
                0x08008e02                USBD_LL_Transmit
 .text.USBD_LL_PrepareReceive
                0x08008e44       0x42 ./USB_DEVICE/Target/usbd_conf.o
                0x08008e44                USBD_LL_PrepareReceive
 .text.USBD_LL_GetRxDataSize
                0x08008e86       0x26 ./USB_DEVICE/Target/usbd_conf.o
                0x08008e86                USBD_LL_GetRxDataSize
 .text.HAL_PCDEx_LPM_Callback
                0x08008eac       0x9c ./USB_DEVICE/Target/usbd_conf.o
                0x08008eac                HAL_PCDEx_LPM_Callback
 .text.SystemClockConfig_Resume
                0x08008f48        0xc ./USB_DEVICE/Target/usbd_conf.o
 .text.USBD_Get_USB_Status
                0x08008f54       0x58 ./USB_DEVICE/Target/usbd_conf.o
                0x08008f54                USBD_Get_USB_Status
 .text.malloc   0x08008fac       0x10 /opt/st/stm32cubeide_2.0.0/plugins/com.st.stm32cube.ide.mcu.externaltools.gnu-tools-for-stm32.13.3.rel1.linux64_1.0.100.202509120712/tools/bin/../lib/gcc/arm-none-eabi/13.3.1/../../../../arm-none-eabi/lib/thumb/v7e-m+dp/hard/libc_nano.a(libc_a-malloc.o)
                0x08008fac                malloc
 .text.free     0x08008fbc       0x10 /opt/st/stm32cubeide_2.0.0/plugins/com.st.stm32cube.ide.mcu.externaltools.gnu-tools-for-stm32.13.3.rel1.linux64_1.0.100.202509120712/tools/bin/../lib/gcc/arm-none-eabi/13.3.1/../../../../arm-none-eabi/lib/thumb/v7e-m+dp/hard/libc_nano.a(libc_a-malloc.o)
                0x08008fbc                free
 .text.sbrk_aligned
                0x08008fcc       0x44 /opt/st/stm32cubeide_2.0.0/plugins/com.st.stm32cube.ide.mcu.externaltools.gnu-tools-for-stm32.13.3.rel1.linux64_1.0.100.202509120712/tools/bin/../lib/gcc/arm-none-eabi/13.3.1/../../../../arm-none-eabi/lib/thumb/v7e-m+dp/hard/libc_nano.a(libc_a-mallocr.o)
 .text._malloc_r
                0x08009010      0x100 /opt/st/stm32cubeide_2.0.0/plugins/com.st.stm32cube.ide.mcu.externaltools.gnu-tools-for-stm32.13.3.rel1.linux64_1.0.100.202509120712/tools/bin/../lib/gcc/arm-none-eabi/13.3.1/../../../../arm-none-eabi/lib/thumb/v7e-m+dp/hard/libc_nano.a(libc_a-mallocr.o)
                0x08009010                _malloc_r
 .text.__malloc_lock
                0x08009110        0xc /opt/st/stm32cubeide_2.0.0/plugins/com.st.stm32cube.ide.mcu.externaltools.gnu-tools-for-stm32.13.3.rel1.linux64_1.0.100.202509120712/tools/bin/../lib/gcc/arm-none-eabi/13.3.1/../../../../arm-none-eabi/lib/thumb/v7e-m+dp/hard/libc_nano.a(libc_a-mlock.o)
                0x08009110                __malloc_lock
 .text.__malloc_unlock
                0x0800911c        0xc /opt/st/stm32cubeide_2.0.0/plugins/com.st.stm32cube.ide.mcu.externaltools.gnu-tools-for-stm32.13.3.rel1.linux64_1.0.100.202509120712/tools/bin/../lib/gcc/arm-none-eabi/13.3.1/../../../../arm-none-eabi/lib/thumb/v7e-m+dp/hard/libc_nano.a(libc_a-mlock.o)
                0x0800911c                __malloc_unlock
 .text.memset   0x08009128       0x10 /opt/st/stm32cubeide_2.0.0/plugins/com.st.stm32cube.ide.mcu.externaltools.gnu-tools-for-stm32.13.3.rel1.linux64_1.0.100.202509120712/tools/bin/../lib/gcc/arm-none-eabi/13.3.1/../../../../arm-none-eabi/lib/thumb/v7e-m+dp/hard/libc_nano.a(libc_a-memset.o)
                0x08009128                memset
 .text._sbrk_r  0x08009138       0x20 /opt/st/stm32cubeide_2.0.0/plugins/com.st.stm32cube.ide.mcu.externaltools.gnu-tools-for-stm32.13.3.rel1.linux64_1.0.100.202509120712/tools/bin/../lib/gcc/arm-none-eabi/13.3.1/../../../../arm-none-eabi/lib/thumb/v7e-m+dp/hard/libc_nano.a(libc_a-sbrkr.o)
                0x08009138                _sbrk_r
 .text.__errno  0x08009158        0xc /opt/st/stm32cubeide_2.0.0/plugins/com.st.stm32cube.ide.mcu.externaltools.gnu-tools-for-stm32.13.3.rel1.linux64_1.0.100.202509120712/tools/bin/../lib/gcc/arm-none-eabi/13.3.1/../../../../arm-none-eabi/lib/thumb/v7e-m+dp/hard/libc_nano.a(libc_a-errno.o)
                0x08009158                __errno
 .text.__libc_init_array
                0x08009164       0x48 /opt/st/stm32cubeide_2.0.0/plugins/com.st.stm32cube.ide.mcu.externaltools.gnu-tools-for-stm32.13.3.rel1.linux64_1.0.100.202509120712/tools/bin/../lib/gcc/arm-none-eabi/13.3.1/../../../../arm-none-eabi/lib/thumb/v7e-m+dp/hard/libc_nano.a(libc_a-init.o)
                0x08009164                __libc_init_array
 .text.__retarget_lock_acquire_recursive
                0x080091ac        0x2 /opt/st/stm32cubeide_2.0.0/plugins/com.st.stm32cube.ide.mcu.externaltools.gnu-tools-for-stm32.13.3.rel1.linux64_1.0.100.202509120712/tools/bin/../lib/gcc/arm-none-eabi/13.3.1/../../../../arm-none-eabi/lib/thumb/v7e-m+dp/hard/libc_nano.a(libc_a-lock.o)
                0x080091ac                __retarget_lock_acquire_recursive
 .text.__retarget_lock_release_recursive
                0x080091ae        0x2 /opt/st/stm32cubeide_2.0.0/plugins/com.st.stm32cube.ide.mcu.externaltools.gnu-tools-for-stm32.13.3.rel1.linux64_1.0.100.202509120712/tools/bin/../lib/gcc/arm-none-eabi/13.3.1/../../../../arm-none-eabi/lib/thumb/v7e-m+dp/hard/libc_nano.a(libc_a-lock.o)
                0x080091ae                __retarget_lock_release_recursive
 .text._free_r  0x080091b0       0x94 /opt/st/stm32cubeide_2.0.0/plugins/com.st.stm32cube.ide.mcu.externaltools.gnu-tools-for-stm32.13.3.rel1.linux64_1.0.100.202509120712/tools/bin/../lib/gcc/arm-none-eabi/13.3.1/../../../../arm-none-eabi/lib/thumb/v7e-m+dp/hard/libc_nano.a(libc_a-freer.o)
                0x080091b0                _free_r
 *(.glue_7)
 .glue_7        0x08009244        0x0 linker stubs
 *(.glue_7t)
 .glue_7t       0x08009244        0x0 linker stubs
 *(.eh_frame)
 .eh_frame      0x08009244        0x0 /opt/st/stm32cubeide_2.0.0/plugins/com.st.stm32cube.ide.mcu.externaltools.gnu-tools-for-stm32.13.3.rel1.linux64_1.0.100.202509120712/tools/bin/../lib/gcc/arm-none-eabi/13.3.1/thumb/v7e-m+dp/hard/crtbegin.o
 *(.init)
 .init          0x08009244        0x4 /opt/st/stm32cubeide_2.0.0/plugins/com.st.stm32cube.ide.mcu.externaltools.gnu-tools-for-stm32.13.3.rel1.linux64_1.0.100.202509120712/tools/bin/../lib/gcc/arm-none-eabi/13.3.1/thumb/v7e-m+dp/hard/crti.o
                0x08009244                _init
 .init          0x08009248        0x8 /opt/st/stm32cubeide_2.0.0/plugins/com.st.stm32cube.ide.mcu.externaltools.gnu-tools-for-stm32.13.3.rel1.linux64_1.0.100.202509120712/tools/bin/../lib/gcc/arm-none-eabi/13.3.1/thumb/v7e-m+dp/hard/crtn.o
 *(.fini)
 .fini          0x08009250        0x4 /opt/st/stm32cubeide_2.0.0/plugins/com.st.stm32cube.ide.mcu.externaltools.gnu-tools-for-stm32.13.3.rel1.linux64_1.0.100.202509120712/tools/bin/../lib/gcc/arm-none-eabi/13.3.1/thumb/v7e-m+dp/hard/crti.o
                0x08009250                _fini
 .fini          0x08009254        0x8 /opt/st/stm32cubeide_2.0.0/plugins/com.st.stm32cube.ide.mcu.externaltools.gnu-tools-for-stm32.13.3.rel1.linux64_1.0.100.202509120712/tools/bin/../lib/gcc/arm-none-eabi/13.3.1/thumb/v7e-m+dp/hard/crtn.o
                0x0800925c                        . = ALIGN (0x4)
                0x0800925c                        _etext = .

.vfp11_veneer   0x0800925c        0x0
 .vfp11_veneer  0x0800925c        0x0 linker stubs

.v4_bx          0x0800925c        0x0
 .v4_bx         0x0800925c        0x0 linker stubs

.iplt           0x0800925c        0x0
 .iplt          0x0800925c        0x0 /opt/st/stm32cubeide_2.0.0/plugins/com.st.stm32cube.ide.mcu.externaltools.gnu-tools-for-stm32.13.3.rel1.linux64_1.0.100.202509120712/tools/bin/../lib/gcc/arm-none-eabi/13.3.1/thumb/v7e-m+dp/hard/crtbegin.o

.rodata         0x0800925c       0x60
                0x0800925c                        . = ALIGN (0x4)
 *(.rodata)
 .rodata        0x0800925c       0x46 ./USB_DEVICE/App/usbd_desc.o
 *(.rodata*)
 *fill*         0x080092a2        0x2 
 .rodata.AHBPrescTable
                0x080092a4       0x10 ./Core/Src/system_stm32f7xx.o
                0x080092a4                AHBPrescTable
 .rodata.flagBitshiftOffset.0
                0x080092b4        0x8 ./Drivers/STM32F7xx_HAL_Driver/Src/stm32f7xx_hal_dma.o
                0x080092bc                        . = ALIGN (0x4)

.ARM.extab      0x080092bc        0x0
                0x080092bc                        . = ALIGN (0x4)
 *(.ARM.extab* .gnu.linkonce.armextab.*)
                0x080092bc                        . = ALIGN (0x4)

.ARM            0x080092bc        0x8
                0x080092bc                        . = ALIGN (0x4)
                0x080092bc                        __exidx_start = .
 *(.ARM.exidx*)
 .ARM.exidx     0x080092bc        0x8 /opt/st/stm32cubeide_2.0.0/plugins/com.st.stm32cube.ide.mcu.externaltools.gnu-tools-for-stm32.13.3.rel1.linux64_1.0.100.202509120712/tools/bin/../lib/gcc/arm-none-eabi/13.3.1/thumb/v7e-m+dp/hard/libgcc.a(_udivmoddi4.o)
                0x080092c4                        __exidx_end = .
                0x080092c4                        . = ALIGN (0x4)

.preinit_array  0x080092c4        0x0
                0x080092c4                        . = ALIGN (0x4)
                0x080092c4                        PROVIDE (__preinit_array_start = .)
 *(.preinit_array*)
                0x080092c4                        PROVIDE (__preinit_array_end = .)
                0x080092c4                        . = ALIGN (0x4)

.init_array     0x080092c4        0x4
                0x080092c4                        . = ALIGN (0x4)
                0x080092c4                        PROVIDE (__init_array_start = .)
 *(SORT_BY_NAME(.init_array.*))
 *(.init_array*)
 .init_array    0x080092c4        0x4 /opt/st/stm32cubeide_2.0.0/plugins/com.st.stm32cube.ide.mcu.externaltools.gnu-tools-for-stm32.13.3.rel1.linux64_1.0.100.202509120712/tools/bin/../lib/gcc/arm-none-eabi/13.3.1/thumb/v7e-m+dp/hard/crtbegin.o
                0x080092c8                        PROVIDE (__init_array_end = .)
                0x080092c8                        . = ALIGN (0x4)

.fini_array     0x080092c8        0x4
                0x080092c8                        . = ALIGN (0x4)
                [!provide]                        PROVIDE (__fini_array_start = .)
 *(SORT_BY_NAME(.fini_array.*))
 *(.fini_array*)
 .fini_array    0x080092c8        0x4 /opt/st/stm32cubeide_2.0.0/plugins/com.st.stm32cube.ide.mcu.externaltools.gnu-tools-for-stm32.13.3.rel1.linux64_1.0.100.202509120712/tools/bin/../lib/gcc/arm-none-eabi/13.3.1/thumb/v7e-m+dp/hard/crtbegin.o
                [!provide]                        PROVIDE (__fini_array_end = .)
                0x080092cc                        . = ALIGN (0x4)
                0x080092cc                        _sidata = LOADADDR (.data)

.rel.dyn        0x080092cc        0x0
 .rel.iplt      0x080092cc        0x0 /opt/st/stm32cubeide_2.0.0/plugins/com.st.stm32cube.ide.mcu.externaltools.gnu-tools-for-stm32.13.3.rel1.linux64_1.0.100.202509120712/tools/bin/../lib/gcc/arm-none-eabi/13.3.1/thumb/v7e-m+dp/hard/crtbegin.o

.data           0x20000000      0x15c load address 0x080092cc
                0x20000000                        . = ALIGN (0x4)
                0x20000000                        _sdata = .
 *(.data)
 *(.data*)
 .data.SystemCoreClock
                0x20000000        0x4 ./Core/Src/system_stm32f7xx.o
                0x20000000                SystemCoreClock
 .data.uwTickPrio
                0x20000004        0x4 ./Drivers/STM32F7xx_HAL_Driver/Src/stm32f7xx_hal.o
                0x20000004                uwTickPrio
 .data.uwTickFreq
                0x20000008        0x1 ./Drivers/STM32F7xx_HAL_Driver/Src/stm32f7xx_hal.o
                0x20000008                uwTickFreq
 *fill*         0x20000009        0x3 
 .data.USBD_CDC_DeviceQualifierDesc
                0x2000000c        0xa ./Middlewares/ST/STM32_USB_Device_Library/Class/CDC/Src/usbd_cdc.o
 *fill*         0x20000016        0x2 
 .data.USBD_CDC
                0x20000018       0x38 ./Middlewares/ST/STM32_USB_Device_Library/Class/CDC/Src/usbd_cdc.o
                0x20000018                USBD_CDC
 .data.USBD_CDC_CfgDesc
                0x20000050       0x43 ./Middlewares/ST/STM32_USB_Device_Library/Class/CDC/Src/usbd_cdc.o
 .data.CDCInEpAdd
                0x20000093        0x1 ./Middlewares/ST/STM32_USB_Device_Library/Class/CDC/Src/usbd_cdc.o
 .data.CDCOutEpAdd
                0x20000094        0x1 ./Middlewares/ST/STM32_USB_Device_Library/Class/CDC/Src/usbd_cdc.o
 .data.CDCCmdEpAdd
                0x20000095        0x1 ./Middlewares/ST/STM32_USB_Device_Library/Class/CDC/Src/usbd_cdc.o
 *fill*         0x20000096        0x2 
 .data.USBD_Interface_fops_FS
                0x20000098       0x14 ./USB_DEVICE/App/usbd_cdc_if.o
                0x20000098                USBD_Interface_fops_FS
 .data.FS_Desc  0x200000ac       0x20 ./USB_DEVICE/App/usbd_desc.o
                0x200000ac                FS_Desc
 .data.USBD_FS_DeviceDesc
                0x200000cc       0x12 ./USB_DEVICE/App/usbd_desc.o
                0x200000cc                USBD_FS_DeviceDesc
 *fill*         0x200000de        0x2 
 .data.USBD_FS_BOSDesc
                0x200000e0        0xc ./USB_DEVICE/App/usbd_desc.o
                0x200000e0                USBD_FS_BOSDesc
 .data.USBD_LangIDDesc
                0x200000ec        0x4 ./USB_DEVICE/App/usbd_desc.o
                0x200000ec                USBD_LangIDDesc
 .data.USBD_StringSerial
                0x200000f0       0x1a ./USB_DEVICE/App/usbd_desc.o
                0x200000f0                USBD_StringSerial
 *fill*         0x2000010a        0x2 
 .data._impure_ptr
                0x2000010c        0x4 /opt/st/stm32cubeide_2.0.0/plugins/com.st.stm32cube.ide.mcu.externaltools.gnu-tools-for-stm32.13.3.rel1.linux64_1.0.100.202509120712/tools/bin/../lib/gcc/arm-none-eabi/13.3.1/../../../../arm-none-eabi/lib/thumb/v7e-m+dp/hard/libc_nano.a(libc_a-impure.o)
                0x2000010c                _impure_ptr
 .data._impure_data
                0x20000110       0x4c /opt/st/stm32cubeide_2.0.0/plugins/com.st.stm32cube.ide.mcu.externaltools.gnu-tools-for-stm32.13.3.rel1.linux64_1.0.100.202509120712/tools/bin/../lib/gcc/arm-none-eabi/13.3.1/../../../../arm-none-eabi/lib/thumb/v7e-m+dp/hard/libc_nano.a(libc_a-impure.o)
                0x20000110                _impure_data
 *(.RamFunc)
 *(.RamFunc*)
                0x2000015c                        . = ALIGN (0x4)
                0x2000015c                        _edata = .

.igot.plt       0x2000015c        0x0 load address 0x08009428
 .igot.plt      0x2000015c        0x0 /opt/st/stm32cubeide_2.0.0/plugins/com.st.stm32cube.ide.mcu.externaltools.gnu-tools-for-stm32.13.3.rel1.linux64_1.0.100.202509120712/tools/bin/../lib/gcc/arm-none-eabi/13.3.1/thumb/v7e-m+dp/hard/crtbegin.o
                0x2000015c                        . = ALIGN (0x4)

.bss            0x2000015c     0x1c7c load address 0x08009428
                0x2000015c                        _sbss = .
                0x2000015c                        __bss_start__ = _sbss
 *(.bss)
 .bss           0x2000015c       0x1c /opt/st/stm32cubeide_2.0.0/plugins/com.st.stm32cube.ide.mcu.externaltools.gnu-tools-for-stm32.13.3.rel1.linux64_1.0.100.202509120712/tools/bin/../lib/gcc/arm-none-eabi/13.3.1/thumb/v7e-m+dp/hard/crtbegin.o
 *(.bss*)
 .bss.hdcmi     0x20000178       0x50 ./Core/Src/main.o
                0x20000178                hdcmi
 .bss.hdma_dcmi
                0x200001c8       0x60 ./Core/Src/main.o
                0x200001c8                hdma_dcmi
 .bss.hi2c2     0x20000228       0x54 ./Core/Src/main.o
                0x20000228                hi2c2
 .bss.htim3     0x2000027c       0x4c ./Core/Src/main.o
                0x2000027c                htim3
 .bss.__sbrk_heap_end
                0x200002c8        0x4 ./Core/Src/sysmem.o
 .bss.uwTick    0x200002cc        0x4 ./Drivers/STM32F7xx_HAL_Driver/Src/stm32f7xx_hal.o
                0x200002cc                uwTick
 .bss.cfgidx.0  0x200002d0        0x1 ./Middlewares/ST/STM32_USB_Device_Library/Core/Src/usbd_ctlreq.o
 *fill*         0x200002d1        0x3 
 .bss.hUsbDeviceFS
                0x200002d4      0x2dc ./USB_DEVICE/App/usb_device.o
                0x200002d4                hUsbDeviceFS
 .bss.UserRxBufferFS
                0x200005b0      0x800 ./USB_DEVICE/App/usbd_cdc_if.o
                0x200005b0                UserRxBufferFS
 .bss.UserTxBufferFS
                0x20000db0      0x800 ./USB_DEVICE/App/usbd_cdc_if.o
                0x20000db0                UserTxBufferFS
 .bss.USBD_StrDesc
                0x200015b0      0x200 ./USB_DEVICE/App/usbd_desc.o
                0x200015b0                USBD_StrDesc
 .bss.hpcd_USB_OTG_FS
                0x200017b0      0x4e0 ./USB_DEVICE/Target/usbd_conf.o
                0x200017b0                hpcd_USB_OTG_FS
 .bss.__malloc_sbrk_start
                0x20001c90        0x4 /opt/st/stm32cubeide_2.0.0/plugins/com.st.stm32cube.ide.mcu.externaltools.gnu-tools-for-stm32.13.3.rel1.linux64_1.0.100.202509120712/tools/bin/../lib/gcc/arm-none-eabi/13.3.1/../../../../arm-none-eabi/lib/thumb/v7e-m+dp/hard/libc_nano.a(libc_a-mallocr.o)
                0x20001c90                __malloc_sbrk_start
 .bss.__malloc_free_list
                0x20001c94        0x4 /opt/st/stm32cubeide_2.0.0/plugins/com.st.stm32cube.ide.mcu.externaltools.gnu-tools-for-stm32.13.3.rel1.linux64_1.0.100.202509120712/tools/bin/../lib/gcc/arm-none-eabi/13.3.1/../../../../arm-none-eabi/lib/thumb/v7e-m+dp/hard/libc_nano.a(libc_a-mallocr.o)
                0x20001c94                __malloc_free_list
 .bss.__sf      0x20001c98      0x138 /opt/st/stm32cubeide_2.0.0/plugins/com.st.stm32cube.ide.mcu.externaltools.gnu-tools-for-stm32.13.3.rel1.linux64_1.0.100.202509120712/tools/bin/../lib/gcc/arm-none-eabi/13.3.1/../../../../arm-none-eabi/lib/thumb/v7e-m+dp/hard/libc_nano.a(libc_a-findfp.o)
                0x20001c98                __sf
 .bss.errno     0x20001dd0        0x4 /opt/st/stm32cubeide_2.0.0/plugins/com.st.stm32cube.ide.mcu.externaltools.gnu-tools-for-stm32.13.3.rel1.linux64_1.0.100.202509120712/tools/bin/../lib/gcc/arm-none-eabi/13.3.1/../../../../arm-none-eabi/lib/thumb/v7e-m+dp/hard/libc_nano.a(libc_a-reent.o)
                0x20001dd0                errno
 .bss.__lock___malloc_recursive_mutex
                0x20001dd4        0x1 /opt/st/stm32cubeide_2.0.0/plugins/com.st.stm32cube.ide.mcu.externaltools.gnu-tools-for-stm32.13.3.rel1.linux64_1.0.100.202509120712/tools/bin/../lib/gcc/arm-none-eabi/13.3.1/../../../../arm-none-eabi/lib/thumb/v7e-m+dp/hard/libc_nano.a(libc_a-lock.o)
                0x20001dd4                __lock___malloc_recursive_mutex
 *(COMMON)
                0x20001dd8                        . = ALIGN (0x4)
 *fill*         0x20001dd5        0x3 
                0x20001dd8                        _ebss = .
                0x20001dd8                        __bss_end__ = _ebss

._user_heap_stack
                0x20001dd8      0x600 load address 0x08009428
                0x20001dd8                        . = ALIGN (0x8)
                [!provide]                        PROVIDE (end = .)
                0x20001dd8                        PROVIDE (_end = .)
                0x20001fd8                        . = (. + _Min_Heap_Size)
 *fill*         0x20001dd8      0x200 
                0x200023d8                        . = (. + _Min_Stack_Size)
 *fill*         0x20001fd8      0x400 
                0x200023d8                        . = ALIGN (0x8)

/DISCARD/
 libc.a(*)
 libm.a(*)
 libgcc.a(*)

.ARM.attributes
                0x00000000       0x2e
 *(.ARM.attributes)
 .ARM.attributes
                0x00000000       0x20 /opt/st/stm32cubeide_2.0.0/plugins/com.st.stm32cube.ide.mcu.externaltools.gnu-tools-for-stm32.13.3.rel1.linux64_1.0.100.202509120712/tools/bin/../lib/gcc/arm-none-eabi/13.3.1/thumb/v7e-m+dp/hard/crti.o
 .ARM.attributes
                0x00000020       0x32 /opt/st/stm32cubeide_2.0.0/plugins/com.st.stm32cube.ide.mcu.externaltools.gnu-tools-for-stm32.13.3.rel1.linux64_1.0.100.202509120712/tools/bin/../lib/gcc/arm-none-eabi/13.3.1/thumb/v7e-m+dp/hard/crtbegin.o
 .ARM.attributes
                0x00000052       0x32 ./Core/Src/main.o
 .ARM.attributes
                0x00000084       0x32 ./Core/Src/stm32f7xx_hal_msp.o
 .ARM.attributes
                0x000000b6       0x32 ./Core/Src/stm32f7xx_it.o
 .ARM.attributes
                0x000000e8       0x32 ./Core/Src/sysmem.o
 .ARM.attributes
                0x0000011a       0x32 ./Core/Src/system_stm32f7xx.o
 .ARM.attributes
                0x0000014c       0x21 ./Core/Startup/startup_stm32f765vitx.o
 .ARM.attributes
                0x0000016d       0x32 ./Drivers/STM32F7xx_HAL_Driver/Src/stm32f7xx_hal.o
 .ARM.attributes
                0x0000019f       0x32 ./Drivers/STM32F7xx_HAL_Driver/Src/stm32f7xx_hal_cortex.o
 .ARM.attributes
                0x000001d1       0x32 ./Drivers/STM32F7xx_HAL_Driver/Src/stm32f7xx_hal_dcmi.o
 .ARM.attributes
                0x00000203       0x32 ./Drivers/STM32F7xx_HAL_Driver/Src/stm32f7xx_hal_dma.o
 .ARM.attributes
                0x00000235       0x32 ./Drivers/STM32F7xx_HAL_Driver/Src/stm32f7xx_hal_gpio.o
 .ARM.attributes
                0x00000267       0x32 ./Drivers/STM32F7xx_HAL_Driver/Src/stm32f7xx_hal_i2c.o
 .ARM.attributes
                0x00000299       0x32 ./Drivers/STM32F7xx_HAL_Driver/Src/stm32f7xx_hal_i2c_ex.o
 .ARM.attributes
                0x000002cb       0x32 ./Drivers/STM32F7xx_HAL_Driver/Src/stm32f7xx_hal_pcd.o
 .ARM.attributes
                0x000002fd       0x32 ./Drivers/STM32F7xx_HAL_Driver/Src/stm32f7xx_hal_pcd_ex.o
 .ARM.attributes
                0x0000032f       0x32 ./Drivers/STM32F7xx_HAL_Driver/Src/stm32f7xx_hal_pwr_ex.o
 .ARM.attributes
                0x00000361       0x32 ./Drivers/STM32F7xx_HAL_Driver/Src/stm32f7xx_hal_rcc.o
 .ARM.attributes
                0x00000393       0x32 ./Drivers/STM32F7xx_HAL_Driver/Src/stm32f7xx_hal_rcc_ex.o
 .ARM.attributes
                0x000003c5       0x32 ./Drivers/STM32F7xx_HAL_Driver/Src/stm32f7xx_hal_tim.o
 .ARM.attributes
                0x000003f7       0x32 ./Drivers/STM32F7xx_HAL_Driver/Src/stm32f7xx_hal_tim_ex.o
 .ARM.attributes
                0x00000429       0x32 ./Drivers/STM32F7xx_HAL_Driver/Src/stm32f7xx_ll_usb.o
 .ARM.attributes
                0x0000045b       0x32 ./Middlewares/ST/STM32_USB_Device_Library/Class/CDC/Src/usbd_cdc.o
 .ARM.attributes
                0x0000048d       0x32 ./Middlewares/ST/STM32_USB_Device_Library/Core/Src/usbd_core.o
 .ARM.attributes
                0x000004bf       0x32 ./Middlewares/ST/STM32_USB_Device_Library/Core/Src/usbd_ctlreq.o
 .ARM.attributes
                0x000004f1       0x32 ./Middlewares/ST/STM32_USB_Device_Library/Core/Src/usbd_ioreq.o
 .ARM.attributes
                0x00000523       0x32 ./USB_DEVICE/App/usb_device.o
 .ARM.attributes
                0x00000555       0x32 ./USB_DEVICE/App/usbd_cdc_if.o
 .ARM.attributes
                0x00000587       0x32 ./USB_DEVICE/App/usbd_desc.o
 .ARM.attributes
                0x000005b9       0x32 ./USB_DEVICE/Target/usbd_conf.o
 .ARM.attributes
                0x000005eb       0x32 /opt/st/stm32cubeide_2.0.0/plugins/com.st.stm32cube.ide.mcu.externaltools.gnu-tools-for-stm32.13.3.rel1.linux64_1.0.100.202509120712/tools/bin/../lib/gcc/arm-none-eabi/13.3.1/../../../../arm-none-eabi/lib/thumb/v7e-m+dp/hard/libc_nano.a(libc_a-malloc.o)
 .ARM.attributes
                0x0000061d       0x32 /opt/st/stm32cubeide_2.0.0/plugins/com.st.stm32cube.ide.mcu.externaltools.gnu-tools-for-stm32.13.3.rel1.linux64_1.0.100.202509120712/tools/bin/../lib/gcc/arm-none-eabi/13.3.1/../../../../arm-none-eabi/lib/thumb/v7e-m+dp/hard/libc_nano.a(libc_a-mallocr.o)
 .ARM.attributes
                0x0000064f       0x32 /opt/st/stm32cubeide_2.0.0/plugins/com.st.stm32cube.ide.mcu.externaltools.gnu-tools-for-stm32.13.3.rel1.linux64_1.0.100.202509120712/tools/bin/../lib/gcc/arm-none-eabi/13.3.1/../../../../arm-none-eabi/lib/thumb/v7e-m+dp/hard/libc_nano.a(libc_a-mlock.o)
 .ARM.attributes
                0x00000681       0x32 /opt/st/stm32cubeide_2.0.0/plugins/com.st.stm32cube.ide.mcu.externaltools.gnu-tools-for-stm32.13.3.rel1.linux64_1.0.100.202509120712/tools/bin/../lib/gcc/arm-none-eabi/13.3.1/../../../../arm-none-eabi/lib/thumb/v7e-m+dp/hard/libc_nano.a(libc_a-findfp.o)
 .ARM.attributes
                0x000006b3       0x32 /opt/st/stm32cubeide_2.0.0/plugins/com.st.stm32cube.ide.mcu.externaltools.gnu-tools-for-stm32.13.3.rel1.linux64_1.0.100.202509120712/tools/bin/../lib/gcc/arm-none-eabi/13.3.1/../../../../arm-none-eabi/lib/thumb/v7e-m+dp/hard/libc_nano.a(libc_a-memset.o)
 .ARM.attributes
                0x000006e5       0x32 /opt/st/stm32cubeide_2.0.0/plugins/com.st.stm32cube.ide.mcu.externaltools.gnu-tools-for-stm32.13.3.rel1.linux64_1.0.100.202509120712/tools/bin/../lib/gcc/arm-none-eabi/13.3.1/../../../../arm-none-eabi/lib/thumb/v7e-m+dp/hard/libc_nano.a(libc_a-reent.o)
 .ARM.attributes
                0x00000717       0x32 /opt/st/stm32cubeide_2.0.0/plugins/com.st.stm32cube.ide.mcu.externaltools.gnu-tools-for-stm32.13.3.rel1.linux64_1.0.100.202509120712/tools/bin/../lib/gcc/arm-none-eabi/13.3.1/../../../../arm-none-eabi/lib/thumb/v7e-m+dp/hard/libc_nano.a(libc_a-impure.o)
 .ARM.attributes
                0x00000749       0x32 /opt/st/stm32cubeide_2.0.0/plugins/com.st.stm32cube.ide.mcu.externaltools.gnu-tools-for-stm32.13.3.rel1.linux64_1.0.100.202509120712/tools/bin/../lib/gcc/arm-none-eabi/13.3.1/../../../../arm-none-eabi/lib/thumb/v7e-m+dp/hard/libc_nano.a(libc_a-sbrkr.o)
 .ARM.attributes
                0x0000077b       0x32 /opt/st/stm32cubeide_2.0.0/plugins/com.st.stm32cube.ide.mcu.externaltools.gnu-tools-for-stm32.13.3.rel1.linux64_1.0.100.202509120712/tools/bin/../lib/gcc/arm-none-eabi/13.3.1/../../../../arm-none-eabi/lib/thumb/v7e-m+dp/hard/libc_nano.a(libc_a-errno.o)
 .ARM.attributes
                0x000007ad       0x32 /opt/st/stm32cubeide_2.0.0/plugins/com.st.stm32cube.ide.mcu.externaltools.gnu-tools-for-stm32.13.3.rel1.linux64_1.0.100.202509120712/tools/bin/../lib/gcc/arm-none-eabi/13.3.1/../../../../arm-none-eabi/lib/thumb/v7e-m+dp/hard/libc_nano.a(libc_a-init.o)
 .ARM.attributes
                0x000007df       0x32 /opt/st/stm32cubeide_2.0.0/plugins/com.st.stm32cube.ide.mcu.externaltools.gnu-tools-for-stm32.13.3.rel1.linux64_1.0.100.202509120712/tools/bin/../lib/gcc/arm-none-eabi/13.3.1/../../../../arm-none-eabi/lib/thumb/v7e-m+dp/hard/libc_nano.a(libc_a-lock.o)
 .ARM.attributes
                0x00000811       0x32 /opt/st/stm32cubeide_2.0.0/plugins/com.st.stm32cube.ide.mcu.externaltools.gnu-tools-for-stm32.13.3.rel1.linux64_1.0.100.202509120712/tools/bin/../lib/gcc/arm-none-eabi/13.3.1/../../../../arm-none-eabi/lib/thumb/v7e-m+dp/hard/libc_nano.a(libc_a-freer.o)
 .ARM.attributes
                0x00000843       0x20 /opt/st/stm32cubeide_2.0.0/plugins/com.st.stm32cube.ide.mcu.externaltools.gnu-tools-for-stm32.13.3.rel1.linux64_1.0.100.202509120712/tools/bin/../lib/gcc/arm-none-eabi/13.3.1/thumb/v7e-m+dp/hard/libgcc.a(_aeabi_uldivmod.o)
 .ARM.attributes
                0x00000863       0x32 /opt/st/stm32cubeide_2.0.0/plugins/com.st.stm32cube.ide.mcu.externaltools.gnu-tools-for-stm32.13.3.rel1.linux64_1.0.100.202509120712/tools/bin/../lib/gcc/arm-none-eabi/13.3.1/thumb/v7e-m+dp/hard/libgcc.a(_udivmoddi4.o)
 .ARM.attributes
                0x00000895       0x20 /opt/st/stm32cubeide_2.0.0/plugins/com.st.stm32cube.ide.mcu.externaltools.gnu-tools-for-stm32.13.3.rel1.linux64_1.0.100.202509120712/tools/bin/../lib/gcc/arm-none-eabi/13.3.1/thumb/v7e-m+dp/hard/libgcc.a(_dvmd_tls.o)
 .ARM.attributes
                0x000008b5       0x20 /opt/st/stm32cubeide_2.0.0/plugins/com.st.stm32cube.ide.mcu.externaltools.gnu-tools-for-stm32.13.3.rel1.linux64_1.0.100.202509120712/tools/bin/../lib/gcc/arm-none-eabi/13.3.1/thumb/v7e-m+dp/hard/crtn.o
OUTPUT(test_firmware.elf elf32-littlearm)
LOAD linker stubs
LOAD /opt/st/stm32cubeide_2.0.0/plugins/com.st.stm32cube.ide.mcu.externaltools.gnu-tools-for-stm32.13.3.rel1.linux64_1.0.100.202509120712/tools/bin/../lib/gcc/arm-none-eabi/13.3.1/../../../../arm-none-eabi/lib/thumb/v7e-m+dp/hard/libc.a
LOAD /opt/st/stm32cubeide_2.0.0/plugins/com.st.stm32cube.ide.mcu.externaltools.gnu-tools-for-stm32.13.3.rel1.linux64_1.0.100.202509120712/tools/bin/../lib/gcc/arm-none-eabi/13.3.1/../../../../arm-none-eabi/lib/thumb/v7e-m+dp/hard/libm.a
LOAD /opt/st/stm32cubeide_2.0.0/plugins/com.st.stm32cube.ide.mcu.externaltools.gnu-tools-for-stm32.13.3.rel1.linux64_1.0.100.202509120712/tools/bin/../lib/gcc/arm-none-eabi/13.3.1/thumb/v7e-m+dp/hard/libgcc.a

.debug_info     0x00000000    0x1a003
 .debug_info    0x00000000     0x1909 ./Core/Src/main.o
 .debug_info    0x00001909     0x1766 ./Core/Src/stm32f7xx_hal_msp.o
 .debug_info    0x0000306f      0xb87 ./Core/Src/stm32f7xx_it.o
 .debug_info    0x00003bf6      0x168 ./Core/Src/sysmem.o
 .debug_info    0x00003d5e      0x6ed ./Core/Src/system_stm32f7xx.o
 .debug_info    0x0000444b       0x30 ./Core/Startup/startup_stm32f765vitx.o
 .debug_info    0x0000447b      0xa3a ./Drivers/STM32F7xx_HAL_Driver/Src/stm32f7xx_hal.o
 .debug_info    0x00004eb5      0xfae ./Drivers/STM32F7xx_HAL_Driver/Src/stm32f7xx_hal_cortex.o
 .debug_info    0x00005e63      0xb1a ./Drivers/STM32F7xx_HAL_Driver/Src/stm32f7xx_hal_dcmi.o
 .debug_info    0x0000697d      0x8e7 ./Drivers/STM32F7xx_HAL_Driver/Src/stm32f7xx_hal_dma.o
 .debug_info    0x00007264      0x6f3 ./Drivers/STM32F7xx_HAL_Driver/Src/stm32f7xx_hal_gpio.o
 .debug_info    0x00007957     0x2147 ./Drivers/STM32F7xx_HAL_Driver/Src/stm32f7xx_hal_i2c.o
 .debug_info    0x00009a9e      0x92e ./Drivers/STM32F7xx_HAL_Driver/Src/stm32f7xx_hal_i2c_ex.o
 .debug_info    0x0000a3cc     0x1599 ./Drivers/STM32F7xx_HAL_Driver/Src/stm32f7xx_hal_pcd.o
 .debug_info    0x0000b965      0x7a3 ./Drivers/STM32F7xx_HAL_Driver/Src/stm32f7xx_hal_pcd_ex.o
 .debug_info    0x0000c108      0x8cd ./Drivers/STM32F7xx_HAL_Driver/Src/stm32f7xx_hal_pwr_ex.o
 .debug_info    0x0000c9d5      0x94b ./Drivers/STM32F7xx_HAL_Driver/Src/stm32f7xx_hal_rcc.o
 .debug_info    0x0000d320      0x6e1 ./Drivers/STM32F7xx_HAL_Driver/Src/stm32f7xx_hal_rcc_ex.o
 .debug_info    0x0000da01     0x2ad5 ./Drivers/STM32F7xx_HAL_Driver/Src/stm32f7xx_hal_tim.o
 .debug_info    0x000104d6     0x16bb ./Drivers/STM32F7xx_HAL_Driver/Src/stm32f7xx_hal_tim_ex.o
 .debug_info    0x00011b91     0x19fc ./Drivers/STM32F7xx_HAL_Driver/Src/stm32f7xx_ll_usb.o
 .debug_info    0x0001358d     0x1315 ./Middlewares/ST/STM32_USB_Device_Library/Class/CDC/Src/usbd_cdc.o
 .debug_info    0x000148a2      0xe1f ./Middlewares/ST/STM32_USB_Device_Library/Core/Src/usbd_core.o
 .debug_info    0x000156c1      0xaf8 ./Middlewares/ST/STM32_USB_Device_Library/Core/Src/usbd_ctlreq.o
 .debug_info    0x000161b9      0x76f ./Middlewares/ST/STM32_USB_Device_Library/Core/Src/usbd_ioreq.o
 .debug_info    0x00016928      0x71b ./USB_DEVICE/App/usb_device.o
 .debug_info    0x00017043      0x914 ./USB_DEVICE/App/usbd_cdc_if.o
 .debug_info    0x00017957      0x4ba ./USB_DEVICE/App/usbd_desc.o
 .debug_info    0x00017e11     0x21f2 ./USB_DEVICE/Target/usbd_conf.o

.debug_abbrev   0x00000000     0x3e50
 .debug_abbrev  0x00000000      0x2d8 ./Core/Src/main.o
 .debug_abbrev  0x000002d8      0x27e ./Core/Src/stm32f7xx_hal_msp.o
 .debug_abbrev  0x00000556      0x1d3 ./Core/Src/stm32f7xx_it.o
 .debug_abbrev  0x00000729       0xbc ./Core/Src/sysmem.o
 .debug_abbrev  0x000007e5      0x13b ./Core/Src/system_stm32f7xx.o
 .debug_abbrev  0x00000920       0x24 ./Core/Startup/startup_stm32f765vitx.o
 .debug_abbrev  0x00000944      0x213 ./Drivers/STM32F7xx_HAL_Driver/Src/stm32f7xx_hal.o
 .debug_abbrev  0x00000b57      0x31e ./Drivers/STM32F7xx_HAL_Driver/Src/stm32f7xx_hal_cortex.o
 .debug_abbrev  0x00000e75      0x24d ./Drivers/STM32F7xx_HAL_Driver/Src/stm32f7xx_hal_dcmi.o
 .debug_abbrev  0x000010c2      0x264 ./Drivers/STM32F7xx_HAL_Driver/Src/stm32f7xx_hal_dma.o
 .debug_abbrev  0x00001326      0x1d4 ./Drivers/STM32F7xx_HAL_Driver/Src/stm32f7xx_hal_gpio.o
 .debug_abbrev  0x000014fa      0x260 ./Drivers/STM32F7xx_HAL_Driver/Src/stm32f7xx_hal_i2c.o
 .debug_abbrev  0x0000175a      0x19c ./Drivers/STM32F7xx_HAL_Driver/Src/stm32f7xx_hal_i2c_ex.o
 .debug_abbrev  0x000018f6      0x2ee ./Drivers/STM32F7xx_HAL_Driver/Src/stm32f7xx_hal_pcd.o
 .debug_abbrev  0x00001be4      0x1ca ./Drivers/STM32F7xx_HAL_Driver/Src/stm32f7xx_hal_pcd_ex.o
 .debug_abbrev  0x00001dae      0x1d5 ./Drivers/STM32F7xx_HAL_Driver/Src/stm32f7xx_hal_pwr_ex.o
 .debug_abbrev  0x00001f83      0x2de ./Drivers/STM32F7xx_HAL_Driver/Src/stm32f7xx_hal_rcc.o
 .debug_abbrev  0x00002261      0x1c9 ./Drivers/STM32F7xx_HAL_Driver/Src/stm32f7xx_hal_rcc_ex.o
 .debug_abbrev  0x0000242a      0x278 ./Drivers/STM32F7xx_HAL_Driver/Src/stm32f7xx_hal_tim.o
 .debug_abbrev  0x000026a2      0x283 ./Drivers/STM32F7xx_HAL_Driver/Src/stm32f7xx_hal_tim_ex.o
 .debug_abbrev  0x00002925      0x293 ./Drivers/STM32F7xx_HAL_Driver/Src/stm32f7xx_ll_usb.o
 .debug_abbrev  0x00002bb8      0x2d2 ./Middlewares/ST/STM32_USB_Device_Library/Class/CDC/Src/usbd_cdc.o
 .debug_abbrev  0x00002e8a      0x27c ./Middlewares/ST/STM32_USB_Device_Library/Core/Src/usbd_core.o
 .debug_abbrev  0x00003106      0x26f ./Middlewares/ST/STM32_USB_Device_Library/Core/Src/usbd_ctlreq.o
 .debug_abbrev  0x00003375      0x19a ./Middlewares/ST/STM32_USB_Device_Library/Core/Src/usbd_ioreq.o
 .debug_abbrev  0x0000350f      0x195 ./USB_DEVICE/App/usb_device.o
 .debug_abbrev  0x000036a4      0x29d ./USB_DEVICE/App/usbd_cdc_if.o
 .debug_abbrev  0x00003941      0x1e3 ./USB_DEVICE/App/usbd_desc.o
 .debug_abbrev  0x00003b24      0x32c ./USB_DEVICE/Target/usbd_conf.o

.debug_aranges  0x00000000     0x1668
 .debug_aranges
                0x00000000       0x60 ./Core/Src/main.o
 .debug_aranges
                0x00000060       0x58 ./Core/Src/stm32f7xx_hal_msp.o
 .debug_aranges
                0x000000b8       0x78 ./Core/Src/stm32f7xx_it.o
 .debug_aranges
                0x00000130       0x20 ./Core/Src/sysmem.o
 .debug_aranges
                0x00000150       0x28 ./Core/Src/system_stm32f7xx.o
 .debug_aranges
                0x00000178       0x28 ./Core/Startup/startup_stm32f765vitx.o
 .debug_aranges
                0x000001a0      0x110 ./Drivers/STM32F7xx_HAL_Driver/Src/stm32f7xx_hal.o
 .debug_aranges
                0x000002b0      0x128 ./Drivers/STM32F7xx_HAL_Driver/Src/stm32f7xx_hal_cortex.o
 .debug_aranges
                0x000003d8       0xc0 ./Drivers/STM32F7xx_HAL_Driver/Src/stm32f7xx_hal_dcmi.o
 .debug_aranges
                0x00000498       0x90 ./Drivers/STM32F7xx_HAL_Driver/Src/stm32f7xx_hal_dma.o
 .debug_aranges
                0x00000528       0x58 ./Drivers/STM32F7xx_HAL_Driver/Src/stm32f7xx_hal_gpio.o
 .debug_aranges
                0x00000580      0x2a0 ./Drivers/STM32F7xx_HAL_Driver/Src/stm32f7xx_hal_i2c.o
 .debug_aranges
                0x00000820       0x38 ./Drivers/STM32F7xx_HAL_Driver/Src/stm32f7xx_hal_i2c_ex.o
 .debug_aranges
                0x00000858      0x148 ./Drivers/STM32F7xx_HAL_Driver/Src/stm32f7xx_hal_pcd.o
 .debug_aranges
                0x000009a0       0x48 ./Drivers/STM32F7xx_HAL_Driver/Src/stm32f7xx_hal_pcd_ex.o
 .debug_aranges
                0x000009e8       0x80 ./Drivers/STM32F7xx_HAL_Driver/Src/stm32f7xx_hal_pwr_ex.o
 .debug_aranges
                0x00000a68       0x88 ./Drivers/STM32F7xx_HAL_Driver/Src/stm32f7xx_hal_rcc.o
 .debug_aranges
                0x00000af0       0x50 ./Drivers/STM32F7xx_HAL_Driver/Src/stm32f7xx_hal_rcc_ex.o
 .debug_aranges
                0x00000b40      0x3e0 ./Drivers/STM32F7xx_HAL_Driver/Src/stm32f7xx_hal_tim.o
 .debug_aranges
                0x00000f20      0x180 ./Drivers/STM32F7xx_HAL_Driver/Src/stm32f7xx_hal_tim_ex.o
 .debug_aranges
                0x000010a0      0x1a0 ./Drivers/STM32F7xx_HAL_Driver/Src/stm32f7xx_ll_usb.o
 .debug_aranges
                0x00001240       0x90 ./Middlewares/ST/STM32_USB_Device_Library/Class/CDC/Src/usbd_cdc.o
 .debug_aranges
                0x000012d0       0xd8 ./Middlewares/ST/STM32_USB_Device_Library/Core/Src/usbd_core.o
 .debug_aranges
                0x000013a8       0x90 ./Middlewares/ST/STM32_USB_Device_Library/Core/Src/usbd_ctlreq.o
 .debug_aranges
                0x00001438       0x50 ./Middlewares/ST/STM32_USB_Device_Library/Core/Src/usbd_ioreq.o
 .debug_aranges
                0x00001488       0x20 ./USB_DEVICE/App/usb_device.o
 .debug_aranges
                0x000014a8       0x48 ./USB_DEVICE/App/usbd_cdc_if.o
 .debug_aranges
                0x000014f0       0x68 ./USB_DEVICE/App/usbd_desc.o
 .debug_aranges
                0x00001558      0x110 ./USB_DEVICE/Target/usbd_conf.o

.debug_rnglists
                0x00000000     0x1130
 .debug_rnglists
                0x00000000       0x47 ./Core/Src/main.o
 .debug_rnglists
                0x00000047       0x3f ./Core/Src/stm32f7xx_hal_msp.o
 .debug_rnglists
                0x00000086       0x55 ./Core/Src/stm32f7xx_it.o
 .debug_rnglists
                0x000000db       0x13 ./Core/Src/sysmem.o
 .debug_rnglists
                0x000000ee       0x1a ./Core/Src/system_stm32f7xx.o
 .debug_rnglists
                0x00000108       0x19 ./Core/Startup/startup_stm32f765vitx.o
 .debug_rnglists
                0x00000121       0xc7 ./Drivers/STM32F7xx_HAL_Driver/Src/stm32f7xx_hal.o
 .debug_rnglists
                0x000001e8       0xda ./Drivers/STM32F7xx_HAL_Driver/Src/stm32f7xx_hal_cortex.o
 .debug_rnglists
                0x000002c2       0x91 ./Drivers/STM32F7xx_HAL_Driver/Src/stm32f7xx_hal_dcmi.o
 .debug_rnglists
                0x00000353       0x70 ./Drivers/STM32F7xx_HAL_Driver/Src/stm32f7xx_hal_dma.o
 .debug_rnglists
                0x000003c3       0x3f ./Drivers/STM32F7xx_HAL_Driver/Src/stm32f7xx_hal_gpio.o
 .debug_rnglists
                0x00000402      0x228 ./Drivers/STM32F7xx_HAL_Driver/Src/stm32f7xx_hal_i2c.o
 .debug_rnglists
                0x0000062a       0x27 ./Drivers/STM32F7xx_HAL_Driver/Src/stm32f7xx_hal_i2c_ex.o
 .debug_rnglists
                0x00000651       0xfa ./Drivers/STM32F7xx_HAL_Driver/Src/stm32f7xx_hal_pcd.o
 .debug_rnglists
                0x0000074b       0x32 ./Drivers/STM32F7xx_HAL_Driver/Src/stm32f7xx_hal_pcd_ex.o
 .debug_rnglists
                0x0000077d       0x5f ./Drivers/STM32F7xx_HAL_Driver/Src/stm32f7xx_hal_pwr_ex.o
 .debug_rnglists
                0x000007dc       0x67 ./Drivers/STM32F7xx_HAL_Driver/Src/stm32f7xx_hal_rcc.o
 .debug_rnglists
                0x00000843       0x3c ./Drivers/STM32F7xx_HAL_Driver/Src/stm32f7xx_hal_rcc_ex.o
 .debug_rnglists
                0x0000087f      0x328 ./Drivers/STM32F7xx_HAL_Driver/Src/stm32f7xx_hal_tim.o
 .debug_rnglists
                0x00000ba7      0x138 ./Drivers/STM32F7xx_HAL_Driver/Src/stm32f7xx_hal_tim_ex.o
 .debug_rnglists
                0x00000cdf      0x147 ./Drivers/STM32F7xx_HAL_Driver/Src/stm32f7xx_ll_usb.o
 .debug_rnglists
                0x00000e26       0x6c ./Middlewares/ST/STM32_USB_Device_Library/Class/CDC/Src/usbd_cdc.o
 .debug_rnglists
                0x00000e92       0xa1 ./Middlewares/ST/STM32_USB_Device_Library/Core/Src/usbd_core.o
 .debug_rnglists
                0x00000f33       0x6e ./Middlewares/ST/STM32_USB_Device_Library/Core/Src/usbd_ctlreq.o
 .debug_rnglists
                0x00000fa1       0x37 ./Middlewares/ST/STM32_USB_Device_Library/Core/Src/usbd_ioreq.o
 .debug_rnglists
                0x00000fd8       0x13 ./USB_DEVICE/App/usb_device.o
 .debug_rnglists
                0x00000feb       0x32 ./USB_DEVICE/App/usbd_cdc_if.o
 .debug_rnglists
                0x0000101d       0x49 ./USB_DEVICE/App/usbd_desc.o
 .debug_rnglists
                0x00001066       0xca ./USB_DEVICE/Target/usbd_conf.o

.debug_macro    0x00000000    0x29f9a
 .debug_macro   0x00000000      0x36b ./Core/Src/main.o
 .debug_macro   0x0000036b      0xaf0 ./Core/Src/main.o
 .debug_macro   0x00000e5b      0x299 ./Core/Src/main.o
 .debug_macro   0x000010f4       0x2e ./Core/Src/main.o
 .debug_macro   0x00001122       0x3b ./Core/Src/main.o
 .debug_macro   0x0000115d       0x22 ./Core/Src/main.o
 .debug_macro   0x0000117f       0x8e ./Core/Src/main.o
 .debug_macro   0x0000120d       0x51 ./Core/Src/main.o
 .debug_macro   0x0000125e      0x103 ./Core/Src/main.o
 .debug_macro   0x00001361       0x6a ./Core/Src/main.o
 .debug_macro   0x000013cb      0x1df ./Core/Src/main.o
 .debug_macro   0x000015aa       0x1c ./Core/Src/main.o
 .debug_macro   0x000015c6       0x22 ./Core/Src/main.o
 .debug_macro   0x000015e8       0xd9 ./Core/Src/main.o
 .debug_macro   0x000016c1     0x12cd ./Core/Src/main.o
 .debug_macro   0x0000298e      0x11f ./Core/Src/main.o
 .debug_macro   0x00002aad       0x19 ./Core/Src/main.o
 .debug_macro   0x00002ac6    0x19b32 ./Core/Src/main.o
 .debug_macro   0x0001c5f8       0x6d ./Core/Src/main.o
 .debug_macro   0x0001c665     0x375e ./Core/Src/main.o
 .debug_macro   0x0001fdc3      0x190 ./Core/Src/main.o
 .debug_macro   0x0001ff53       0x63 ./Core/Src/main.o
 .debug_macro   0x0001ffb6     0x1a43 ./Core/Src/main.o
 .debug_macro   0x000219f9      0x6c4 ./Core/Src/main.o
 .debug_macro   0x000220bd      0x18b ./Core/Src/main.o
 .debug_macro   0x00022248      0x115 ./Core/Src/main.o
 .debug_macro   0x0002235d      0x259 ./Core/Src/main.o
 .debug_macro   0x000225b6       0xa5 ./Core/Src/main.o
 .debug_macro   0x0002265b      0x24f ./Core/Src/main.o
 .debug_macro   0x000228aa       0x71 ./Core/Src/main.o
 .debug_macro   0x0002291b       0x58 ./Core/Src/main.o
 .debug_macro   0x00022973      0x236 ./Core/Src/main.o
 .debug_macro   0x00022ba9      0x22c ./Core/Src/main.o
 .debug_macro   0x00022dd5      0x14e ./Core/Src/main.o
 .debug_macro   0x00022f23      0x3db ./Core/Src/main.o
 .debug_macro   0x000232fe       0x12 ./Core/Src/main.o
 .debug_macro   0x00023310      0x22c ./Core/Src/main.o
 .debug_macro   0x0002353c       0x61 ./Core/Src/main.o
 .debug_macro   0x0002359d       0xa5 ./Core/Src/main.o
 .debug_macro   0x00023642      0x12e ./Core/Src/main.o
 .debug_macro   0x00023770      0x108 ./Core/Src/main.o
 .debug_macro   0x00023878       0x35 ./Core/Src/main.o
 .debug_macro   0x000238ad      0xa91 ./Core/Src/main.o
 .debug_macro   0x0002433e       0xa9 ./Core/Src/main.o
 .debug_macro   0x000243e7      0x2cb ./Core/Src/main.o
 .debug_macro   0x000246b2       0xba ./Core/Src/main.o
 .debug_macro   0x0002476c      0x15b ./Core/Src/main.o
 .debug_macro   0x000248c7       0x61 ./Core/Src/main.o
 .debug_macro   0x00024928       0x29 ./Core/Src/main.o
 .debug_macro   0x00024951       0x43 ./Core/Src/main.o
 .debug_macro   0x00024994       0x34 ./Core/Src/main.o
 .debug_macro   0x000249c8       0x16 ./Core/Src/main.o
 .debug_macro   0x000249de       0x3c ./Core/Src/main.o
 .debug_macro   0x00024a1a      0x370 ./Core/Src/main.o
 .debug_macro   0x00024d8a       0x10 ./Core/Src/main.o
 .debug_macro   0x00024d9a       0x16 ./Core/Src/main.o
 .debug_macro   0x00024db0       0x4a ./Core/Src/main.o
 .debug_macro   0x00024dfa       0x34 ./Core/Src/main.o
 .debug_macro   0x00024e2e       0x10 ./Core/Src/main.o
 .debug_macro   0x00024e3e       0x58 ./Core/Src/main.o
 .debug_macro   0x00024e96       0x8e ./Core/Src/main.o
 .debug_macro   0x00024f24       0x1c ./Core/Src/main.o
 .debug_macro   0x00024f40      0x185 ./Core/Src/main.o
 .debug_macro   0x000250c5       0x16 ./Core/Src/main.o
 .debug_macro   0x000250db       0x16 ./Core/Src/main.o
 .debug_macro   0x000250f1      0x146 ./Core/Src/main.o
 .debug_macro   0x00025237       0x16 ./Core/Src/main.o
 .debug_macro   0x0002524d       0x16 ./Core/Src/main.o
 .debug_macro   0x00025263       0x29 ./Core/Src/main.o
 .debug_macro   0x0002528c       0x16 ./Core/Src/main.o
 .debug_macro   0x000252a2       0x20 ./Core/Src/main.o
 .debug_macro   0x000252c2       0x65 ./Core/Src/main.o
 .debug_macro   0x00025327      0x20f ./Core/Src/main.o
 .debug_macro   0x00025536      0x207 ./Core/Src/stm32f7xx_hal_msp.o
 .debug_macro   0x0002573d      0x211 ./Core/Src/stm32f7xx_it.o
 .debug_macro   0x0002594e      0x112 ./Core/Src/sysmem.o
 .debug_macro   0x00025a60      0x23c ./Core/Src/sysmem.o
 .debug_macro   0x00025c9c      0x1fd ./Core/Src/system_stm32f7xx.o
 .debug_macro   0x00025e99      0x221 ./Drivers/STM32F7xx_HAL_Driver/Src/stm32f7xx_hal.o
 .debug_macro   0x000260ba      0x1fd ./Drivers/STM32F7xx_HAL_Driver/Src/stm32f7xx_hal_cortex.o
 .debug_macro   0x000262b7      0x204 ./Drivers/STM32F7xx_HAL_Driver/Src/stm32f7xx_hal_dcmi.o
 .debug_macro   0x000264bb      0x203 ./Drivers/STM32F7xx_HAL_Driver/Src/stm32f7xx_hal_dma.o
 .debug_macro   0x000266be      0x203 ./Drivers/STM32F7xx_HAL_Driver/Src/stm32f7xx_hal_gpio.o
 .debug_macro   0x000268c1      0x2c9 ./Drivers/STM32F7xx_HAL_Driver/Src/stm32f7xx_hal_i2c.o
 .debug_macro   0x00026b8a      0x1fd ./Drivers/STM32F7xx_HAL_Driver/Src/stm32f7xx_hal_i2c_ex.o
 .debug_macro   0x00026d87      0x209 ./Drivers/STM32F7xx_HAL_Driver/Src/stm32f7xx_hal_pcd.o